
> medio@0.1.0 test:e2e
> playwright test --config=playwright.proxy.config.ts


Running 111 tests using 1 worker

  ✘    1 [chromium] › tests\e2e\add-video-link.spec.ts:36:7 › Add YouTube Video by Link › should successfully add a YouTube video by pasting URL (2.5s)
  ✘    2 [chromium] › tests\e2e\add-video-link.spec.ts:90:7 › Add YouTube Video by Link › should detect platform automatically from URL (2.5s)
  ✘    3 [chromium] › tests\e2e\add-video-link.spec.ts:102:7 › Add YouTube Video by Link › should show error for invalid YouTube URL (2.5s)
  ✘    4 [chromium] › tests\e2e\add-video-link.spec.ts:114:7 › Add YouTube Video by Link › should show error for non-existent YouTube video (2.5s)
  ✘    5 [chromium] › tests\e2e\add-video-link.spec.ts:129:7 › Add YouTube Video by Link › should show error for private YouTube video (2.6s)
  ✘    6 [chromium] › tests\e2e\add-video-link.spec.ts:144:7 › Add YouTube Video by Link › should prevent duplicate video from being added (2.5s)
  ✘    7 [chromium] › tests\e2e\add-video-link.spec.ts:165:7 › Add YouTube Video by Link › should allow user to manually edit auto-filled metadata (2.5s)
  ✘    8 [chromium] › tests\e2e\add-video-link.spec.ts:190:7 › Add YouTube Video by Link › should require age rating selection before submitting (2.5s)
  ✘    9 [chromium] › tests\e2e\add-video-link.spec.ts:206:7 › Add YouTube Video by Link › should show loading state while fetching metadata (2.5s)
  ✘   10 [chromium] › tests\e2e\add-video-link.spec.ts:224:7 › Add YouTube Video by Link › should cancel and close modal without adding video (2.6s)
  ✘   11 [chromium] › tests\e2e\add-video-link.spec.ts:243:7 › Add YouTube Video by Link › should handle different YouTube URL formats (2.6s)
  ✘   12 [chromium] › tests\e2e\add-video-link.spec.ts:268:7 › Add YouTube Video by Link › should display video duration in human-readable format (2.5s)
  ✘   13 [chromium] › tests\e2e\add-video-link.spec.ts:281:7 › Add YouTube Video by Link › should show all age rating options (2.6s)
  ✘   14 [chromium] › tests\e2e\add-video-link.spec.ts:321:7 › Add Vimeo Video by Link › should successfully add a Vimeo video by pasting URL (2.6s)
  ✘   15 [chromium] › tests\e2e\add-video-link.spec.ts:361:7 › Add Vimeo Video by Link › should detect Vimeo platform from vimeo.com URL (2.5s)
  ✘   16 [chromium] › tests\e2e\add-video-link.spec.ts:373:7 › Add Vimeo Video by Link › should detect Vimeo platform from player.vimeo.com URL (2.5s)
  ✘   17 [chromium] › tests\e2e\add-video-link.spec.ts:385:7 › Add Vimeo Video by Link › should show error for non-existent Vimeo video (2.5s)
  ✘   18 [chromium] › tests\e2e\add-video-link.spec.ts:400:7 › Add Vimeo Video by Link › should show error for private Vimeo video (2.5s)
  ✘   19 [chromium] › tests\e2e\add-video-link.spec.ts:415:7 › Add Vimeo Video by Link › should allow editing auto-filled metadata for Vimeo videos (2.5s)
  ✘   20 [chromium] › tests\e2e\add-video-link.spec.ts:440:7 › Add Vimeo Video by Link › should show loading state while fetching Vimeo metadata (2.5s)
  ✘   21 [chromium] › tests\e2e\add-video-link.spec.ts:458:7 › Add Vimeo Video by Link › should handle different Vimeo URL formats (2.5s)
  ✘   22 [chromium] › tests\e2e\add-video-link.spec.ts:504:7 › Add Dailymotion Video by Link › should successfully add a Dailymotion video by pasting URL (2.5s)
  ✘   23 [chromium] › tests\e2e\add-video-link.spec.ts:544:7 › Add Dailymotion Video by Link › should detect Dailymotion platform from dailymotion.com URL (2.6s)
  ✘   24 [chromium] › tests\e2e\add-video-link.spec.ts:556:7 › Add Dailymotion Video by Link › should detect Dailymotion platform from dai.ly short URL (2.5s)
  ✘   25 [chromium] › tests\e2e\add-video-link.spec.ts:568:7 › Add Dailymotion Video by Link › should show error for non-existent Dailymotion video (2.5s)
  ✘   26 [chromium] › tests\e2e\add-video-link.spec.ts:583:7 › Add Dailymotion Video by Link › should show error for private Dailymotion video (2.5s)
  ✘   27 [chromium] › tests\e2e\add-video-link.spec.ts:598:7 › Add Dailymotion Video by Link › should allow editing auto-filled metadata for Dailymotion videos (2.5s)
  ✘   28 [chromium] › tests\e2e\add-video-link.spec.ts:623:7 › Add Dailymotion Video by Link › should show loading state while fetching Dailymotion metadata (2.5s)
  ✘   29 [chromium] › tests\e2e\add-video-link.spec.ts:641:7 › Add Dailymotion Video by Link › should handle different Dailymotion URL formats (2.5s)
  ✘   30 [chromium] › tests\e2e\add-video-link.spec.ts:664:7 › Add Dailymotion Video by Link › should prevent duplicate Dailymotion video from being added (2.5s)
  ✘   31 [chromium] › tests\e2e\add-video-link.spec.ts:708:9 › Phase 5: Error Handling - Invalid URL, Duplicate, and Timeout › Invalid URL Error Messages (T058) › should show clear error for completely invalid URL (2.5s)
  ✘   32 [chromium] › tests\e2e\add-video-link.spec.ts:726:9 › Phase 5: Error Handling - Invalid URL, Duplicate, and Timeout › Invalid URL Error Messages (T058) › should show error for unsupported platform URL (2.5s)
  ✘   33 [chromium] › tests\e2e\add-video-link.spec.ts:740:9 › Phase 5: Error Handling - Invalid URL, Duplicate, and Timeout › Invalid URL Error Messages (T058) › should show error for malformed YouTube URL (2.6s)
  ✘   34 [chromium] › tests\e2e\add-video-link.spec.ts:753:9 › Phase 5: Error Handling - Invalid URL, Duplicate, and Timeout › Invalid URL Error Messages (T058) › should show actionable error message for invalid URL (2.5s)
  ✘   35 [chromium] › tests\e2e\add-video-link.spec.ts:767:9 › Phase 5: Error Handling - Invalid URL, Duplicate, and Timeout › Invalid URL Error Messages (T058) › should clear error when valid URL is entered (2.5s)
  ✘   36 [chromium] › tests\e2e\add-video-link.spec.ts:791:9 › Phase 5: Error Handling - Invalid URL, Duplicate, and Timeout › Invalid URL Error Messages (T058) › should prevent submission with invalid URL (2.6s)
  ✘   37 [chromium] › tests\e2e\add-video-link.spec.ts:812:9 › Phase 5: Error Handling - Invalid URL, Duplicate, and Timeout › Duplicate Video Warning (T059) › should show warning modal when attempting to add duplicate video (2.5s)
  ✘   38 [chromium] › tests\e2e\add-video-link.spec.ts:834:9 › Phase 5: Error Handling - Invalid URL, Duplicate, and Timeout › Duplicate Video Warning (T059) › should provide link to existing video in library when duplicate detected (2.5s)
  ✘   39 [chromium] › tests\e2e\add-video-link.spec.ts:856:9 › Phase 5: Error Handling - Invalid URL, Duplicate, and Timeout › Duplicate Video Warning (T059) › should detect duplicate even with different URL format (2.5s)
  ✘   40 [chromium] › tests\e2e\add-video-link.spec.ts:878:9 › Phase 5: Error Handling - Invalid URL, Duplicate, and Timeout › Duplicate Video Warning (T059) › should allow user to cancel after duplicate warning (2.5s)
  ✘   41 [chromium] › tests\e2e\add-video-link.spec.ts:908:9 › Phase 5: Error Handling - Invalid URL, Duplicate, and Timeout › Manual Entry Fallback (T075-T076) › T075: should allow manual entry after metadata API failure (2.6s)
  ✘   42 [chromium] › tests\e2e\add-video-link.spec.ts:946:9 › Phase 5: Error Handling - Invalid URL, Duplicate, and Timeout › Manual Entry Fallback (T075-T076) › T075: should keep manually entered data after API failure (2.5s)
  ✘   43 [chromium] › tests\e2e\add-video-link.spec.ts:982:9 › Phase 5: Error Handling - Invalid URL, Duplicate, and Timeout › Manual Entry Fallback (T075-T076) › T076: should allow manual entry for unsupported platform (2.5s)
  ✘   44 [chromium] › tests\e2e\add-video-link.spec.ts:1023:9 › Phase 5: Error Handling - Invalid URL, Duplicate, and Timeout › Manual Entry Fallback (T075-T076) › T076: should show manual entry mode for Instagram URL (2.5s)
  ✘   45 [chromium] › tests\e2e\add-video-link.spec.ts:1042:9 › Phase 5: Error Handling - Invalid URL, Duplicate, and Timeout › Manual Entry Fallback (T075-T076) › T075-T076: should require only minimal fields for manual entry submission (2.5s)
  ✘   46 [chromium] › tests\e2e\add-video-link.spec.ts:1069:9 › Phase 5: Error Handling - Invalid URL, Duplicate, and Timeout › Manual Entry Fallback (T075-T076) › T075: should clear manual entry mode when URL is changed to valid one (2.5s)
  ✘   47 [chromium] › tests\e2e\add-video-link.spec.ts:1095:9 › Phase 5: Error Handling - Invalid URL, Duplicate, and Timeout › Manual Entry Fallback (T075-T076) › T075: should show validation error for manual entry without title (2.6s)
  ✘   48 [chromium] › tests\e2e\add-video-link.spec.ts:1117:9 › Phase 5: Error Handling - Invalid URL, Duplicate, and Timeout › Manual Entry Fallback (T075-T076) › T075: should show validation error for manual entry without age rating (2.6s)
  ✘   49 [chromium] › tests\e2e\add-video-link.spec.ts:1142:9 › Phase 5: Error Handling - Invalid URL, Duplicate, and Timeout › Timeout Error Handling (T060) › should show timeout error when metadata fetch takes too long (2.6s)
  ✘   50 [chromium] › tests\e2e\add-video-link.spec.ts:1158:9 › Phase 5: Error Handling - Invalid URL, Duplicate, and Timeout › Timeout Error Handling (T060) › should provide retry option after timeout (2.5s)
  ✘   51 [chromium] › tests\e2e\add-video-link.spec.ts:1176:9 › Phase 5: Error Handling - Invalid URL, Duplicate, and Timeout › Timeout Error Handling (T060) › should show loading indicator before timeout (2.5s)
  ✘   52 [chromium] › tests\e2e\add-video-link.spec.ts:1192:9 › Phase 5: Error Handling - Invalid URL, Duplicate, and Timeout › Timeout Error Handling (T060) › should provide actionable guidance in timeout error (2.5s)
  ✘   53 [chromium] › tests\e2e\add-video-link.spec.ts:1206:9 › Phase 5: Error Handling - Invalid URL, Duplicate, and Timeout › Timeout Error Handling (T060) › should allow user to cancel during long loading (2.6s)
  ✘   54 [chromium] › tests\e2e\auth-registration-proxy.spec.ts:38:7 › Same-Origin Authentication via Proxy › T013: should redirect to dashboard after successful registration (31.4s)
  ✘   55 [chromium] › tests\e2e\auth-registration-proxy.spec.ts:57:7 › Same-Origin Authentication via Proxy › T014: should load Videos page without 401 errors after registration (31.4s)
  ✘   56 [chromium] › tests\e2e\auth-registration-proxy.spec.ts:87:7 › Same-Origin Authentication via Proxy › T015: should maintain auth after page refresh on dashboard (31.1s)
  ✘   57 [chromium] › tests\e2e\auth-registration-proxy.spec.ts:114:7 › Same-Origin Authentication via Proxy › T016: should make authenticated API call immediately after login (31.4s)
  ✘   58 [chromium] › tests\e2e\auth-registration-proxy.spec.ts:148:7 › Same-Origin Authentication via Proxy › T017: should verify cookies are sent with proxy requests (31.1s)
  ✘   59 [chromium] › tests\e2e\auth-registration-proxy.spec.ts:192:7 › Same-Origin Authentication via Proxy › T018: Comprehensive proxy flow - registration to navigation (31.4s)
  ✘   60 [chromium] › tests\e2e\complete-workflow.spec.ts:144:9 › Complete User Workflow - Local Environment › 1. Complete User Registration Flow › should register new user with valid credentials and auto-login (2.6s)
  ✘   61 [chromium] › tests\e2e\complete-workflow.spec.ts:186:9 › Complete User Workflow - Local Environment › 1. Complete User Registration Flow › should maintain authentication after page refresh (2.6s)
  ✘   62 [chromium] › tests\e2e\complete-workflow.spec.ts:222:9 › Complete User Workflow - Local Environment › 2. Complete Login Flow › should login with existing test user and redirect to dashboard (2.6s)
  ✘   63 [chromium] › tests\e2e\complete-workflow.spec.ts:260:9 › Complete User Workflow - Local Environment › 2. Complete Login Flow › should show error for invalid credentials (2.7s)
  ✘   64 [chromium] › tests\e2e\complete-workflow.spec.ts:299:9 › Complete User Workflow - Local Environment › 3. Complete Add YouTube Video Flow › should add YouTube video with auto-filled metadata (2.6s)
  ✘   65 [chromium] › tests\e2e\complete-workflow.spec.ts:363:9 › Complete User Workflow - Local Environment › 3. Complete Add YouTube Video Flow › should show loading state while fetching metadata (2.6s)
  ✘   66 [chromium] › tests\e2e\complete-workflow.spec.ts:382:9 › Complete User Workflow - Local Environment › 4. Token Refresh Flow › should verify token refresh mechanism is configured (2.6s)
  ✘   67 [chromium] › tests\e2e\complete-workflow.spec.ts:428:9 › Complete User Workflow - Local Environment › 5. Error Handling Scenarios › should show error for invalid video URL (2.6s)
  ✘   68 [chromium] › tests\e2e\complete-workflow.spec.ts:450:9 › Complete User Workflow - Local Environment › 5. Error Handling Scenarios › should enable manual entry fallback when API fails (2.6s)
  -   69 [chromium] › tests\e2e\complete-workflow.spec.ts:507:7 › Complete User Workflow - Production Environment › should login to production environment
  ✘   70 [chromium] › tests\e2e\critical-flows.spec.ts:10:9 › Critical User Flows › Parent Registration and Setup Flow › should complete full parent onboarding (2.6s)
  ✘   71 [chromium] › tests\e2e\critical-flows.spec.ts:51:9 › Critical User Flows › Kids Mode Activation Flow › should activate kids mode with NFC chip (2.6s)
  ✘   72 [chromium] › tests\e2e\critical-flows.spec.ts:73:9 › Critical User Flows › Kids Mode Activation Flow › should enforce time limits in kids mode (2.6s)
  ✘   73 [chromium] › tests\e2e\critical-flows.spec.ts:105:9 › Critical User Flows › Video Management Flow › should upload and organize videos (2.6s)
  ✘   74 [chromium] › tests\e2e\critical-flows.spec.ts:146:9 › Critical User Flows › Session Tracking Flow › should track watch sessions accurately (2.7s)
  ✘   75 [chromium] › tests\e2e\critical-flows.spec.ts:175:9 › Critical User Flows › Profile Switching Flow › should switch between multiple child profiles (2.6s)
  ✘   76 [chromium] › tests\e2e\critical-flows.spec.ts:208:9 › Critical User Flows › Security and Privacy Flow › should enforce authentication on protected routes (2.6s)
  ✘   77 [chromium] › tests\e2e\critical-flows.spec.ts:217:9 › Critical User Flows › Security and Privacy Flow › should handle session expiry gracefully (2.6s)
  ✘   78 [chromium] › tests\e2e\critical-flows.spec.ts:237:9 › Critical User Flows › Security and Privacy Flow › should validate input and prevent XSS (2.6s)
  ✘   79 [chromium] › tests\e2e\critical-flows.spec.ts:261:9 › Critical User Flows › Error Recovery Flow › should handle network errors gracefully (2.6s)
  ✘   80 [chromium] › tests\e2e\critical-flows.spec.ts:287:9 › Critical User Flows › Error Recovery Flow › should handle database errors gracefully (2.6s)
  ✓   81 [chromium] › tests\e2e\medio.spec.ts:9:7 › Medio Video Platform › should display the landing page (1.1s)
  ✓   82 [chromium] › tests\e2e\medio.spec.ts:17:7 › Medio Video Platform › should navigate to login page (1.1s)
  ✘   83 [chromium] › tests\e2e\medio.spec.ts:30:7 › Medio Video Platform › should navigate to register page (31.1s)
  ✓   84 [chromium] › tests\e2e\medio.spec.ts:43:7 › Medio Video Platform › should show password validation requirements (1.1s)
  ✘   85 [chromium] › tests\e2e\medio.spec.ts:58:7 › Medio Video Platform › should handle authentication flow (30.2s)
  ✓   86 [chromium] › tests\e2e\medio.spec.ts:78:7 › Medio Video Platform › should display theme toggle in settings (612ms)
  ✓   87 [chromium] › tests\e2e\medio.spec.ts:98:7 › Medio Video Platform › should have responsive layout (622ms)
  ✓   88 [chromium] › tests\e2e\medio.spec.ts:115:7 › Medio Video Platform › should handle error states gracefully (510ms)
  ✘   89 [chromium] › tests\e2e\medio.spec.ts:123:7 › Medio Video Platform › should check API health endpoint (562ms)
  ✘   90 [chromium] › tests\e2e\medio.spec.ts:135:7 › Medio Video Platform › should validate cookie security headers (632ms)
  ✓   91 [chromium] › tests\e2e\medio.spec.ts:153:7 › Parent Dashboard Features › should access parent dashboard when authenticated (572ms)
  ✓   92 [chromium] › tests\e2e\medio.spec.ts:167:7 › Kids Mode Features › should access kids mode page (549ms)
  ✘   93 [chromium] › tests\e2e\nfc-chip-registration.spec.js:134:3 › NFC Chip Registration E2E Tests › T068: Complete manual registration workflow (2.6s)
  ✘   94 [chromium] › tests\e2e\nfc-chip-registration.spec.js:178:3 › NFC Chip Registration E2E Tests › T069: Duplicate chip registration blocked (2.7s)
  ✘   95 [chromium] › tests\e2e\nfc-chip-registration.spec.js:220:3 › NFC Chip Registration E2E Tests › T070: Cross-user duplicate registration (2.7s)
  ✘   96 [chromium] › tests\e2e\nfc-chip-registration.spec.js:274:3 › NFC Chip Registration E2E Tests › T071: Invalid chip_uid format rejected (2.7s)
  ✘   97 [chromium] › tests\e2e\nfc-chip-registration.spec.js:325:3 › NFC Chip Registration E2E Tests › T072: Invalid label rejected (2.7s)
  ✘   98 [chromium] › tests\e2e\nfc-chip-registration.spec.js:380:3 › NFC Chip Registration E2E Tests › T073: Maximum chip limit enforcement (267ms)
  ✘   99 [chromium] › tests\e2e\nfc-chip-registration.spec.js:446:3 › NFC Chip Registration E2E Tests › T074: NFC scan workflow with mocked NDEFReader (2.7s)
  ✘  100 [chromium] › tests\e2e\nfc-chip-registration.spec.js:540:3 › NFC Chip Registration E2E Tests › T075: Chip deletion with confirmation (2.7s)
  ✘  101 [chromium] › tests\e2e\registration-auto-login.spec.ts:15:7 › Registration Auto-Login Flow › should redirect to dashboard after successful registration (2.6s)
  ✘  102 [chromium] › tests\e2e\registration-auto-login.spec.ts:40:7 › Registration Auto-Login Flow › should maintain authentication after page refresh following registration (2.6s)
  ✓  103 [chromium] › tests\e2e\registration-auto-login.spec.ts:70:7 › Registration Auto-Login Flow › should verify auth status via /auth/me endpoint (219ms)
  ✓  104 [chromium] › tests\e2e\registration-auto-login.spec.ts:85:7 › Registration Auto-Login Flow › should return authenticated false for invalid token (133ms)
  ✘  105 [chromium] › tests\e2e\registration-auto-login.spec.ts:97:7 › Registration Auto-Login Flow › should clear localStorage on 401 from /auth/me (2.6s)
  ✘  106 [chromium] › tests\e2e\registration-auto-login.spec.ts:119:7 › Auth State Verification on App Init › should verify auth status on app initialization (2.6s)
  ✘  107 [chromium] › tests\e2e\registration-auto-login.spec.ts:136:7 › Auth State Verification on App Init › should redirect to login if /auth/me returns 401 (2.6s)
  ✘  108 [chromium] › tests\e2e\test-deployment-cache-headers.spec.js:18:3 › Deployment Cache Headers › T005-1: index.html should have no-cache headers (1.4s)
  ✘  109 [chromium] › tests\e2e\test-deployment-cache-headers.spec.js:32:3 › Deployment Cache Headers › T005-2: Static JS chunks should have immutable cache headers (8.5s)
  ✘  110 [chromium] › tests\e2e\test-deployment-cache-headers.spec.js:65:3 › Deployment Cache Headers › T005-3: Fresh browser session should load new code after deployment (6.8s)
  ✘  111 [chromium] › tests\e2e\test-deployment-cache-headers.spec.js:101:3 › Deployment Cache Headers › T005-4: Verify security headers are preserved on index.html (303ms)


  1) [chromium] › tests\e2e\add-video-link.spec.ts:36:7 › Add YouTube Video by Link › should successfully add a YouTube video by pasting URL 

    Error: page.goto: net::ERR_CONNECTION_REFUSED at http://localhost:3000/
    Call log:
    [2m  - navigating to "http://localhost:3000/", waiting until "load"[22m


      18 |     // Setup: Create a new page and log in
      19 |     page = await browser.newPage();
    > 20 |     await page.goto('http://localhost:3000');
         |                ^
      21 |
      22 |     // Login (assuming auth is implemented)
      23 |     await page.click('button:has-text("Login")');
        at C:\Users\benja\projects\medio\tests\e2e\add-video-link.spec.ts:20:16

    attachment #1: screenshot (image/png) ──────────────────────────────────────────────────────────
    test-results\add-video-link-Add-YouTube-5437c-ouTube-video-by-pasting-URL-chromium\test-failed-1.png
    ────────────────────────────────────────────────────────────────────────────────────────────────

  2) [chromium] › tests\e2e\add-video-link.spec.ts:90:7 › Add YouTube Video by Link › should detect platform automatically from URL 

    Error: page.goto: net::ERR_CONNECTION_REFUSED at http://localhost:3000/
    Call log:
    [2m  - navigating to "http://localhost:3000/", waiting until "load"[22m


      18 |     // Setup: Create a new page and log in
      19 |     page = await browser.newPage();
    > 20 |     await page.goto('http://localhost:3000');
         |                ^
      21 |
      22 |     // Login (assuming auth is implemented)
      23 |     await page.click('button:has-text("Login")');
        at C:\Users\benja\projects\medio\tests\e2e\add-video-link.spec.ts:20:16

    attachment #1: screenshot (image/png) ──────────────────────────────────────────────────────────
    test-results\add-video-link-Add-YouTube-717fa-form-automatically-from-URL-chromium\test-failed-1.png
    ────────────────────────────────────────────────────────────────────────────────────────────────

  3) [chromium] › tests\e2e\add-video-link.spec.ts:102:7 › Add YouTube Video by Link › should show error for invalid YouTube URL 

    Error: page.goto: net::ERR_CONNECTION_REFUSED at http://localhost:3000/
    Call log:
    [2m  - navigating to "http://localhost:3000/", waiting until "load"[22m


      18 |     // Setup: Create a new page and log in
      19 |     page = await browser.newPage();
    > 20 |     await page.goto('http://localhost:3000');
         |                ^
      21 |
      22 |     // Login (assuming auth is implemented)
      23 |     await page.click('button:has-text("Login")');
        at C:\Users\benja\projects\medio\tests\e2e\add-video-link.spec.ts:20:16

    attachment #1: screenshot (image/png) ──────────────────────────────────────────────────────────
    test-results\add-video-link-Add-YouTube-438d8-ror-for-invalid-YouTube-URL-chromium\test-failed-1.png
    ────────────────────────────────────────────────────────────────────────────────────────────────

  4) [chromium] › tests\e2e\add-video-link.spec.ts:114:7 › Add YouTube Video by Link › should show error for non-existent YouTube video 

    Error: page.goto: net::ERR_CONNECTION_REFUSED at http://localhost:3000/
    Call log:
    [2m  - navigating to "http://localhost:3000/", waiting until "load"[22m


      18 |     // Setup: Create a new page and log in
      19 |     page = await browser.newPage();
    > 20 |     await page.goto('http://localhost:3000');
         |                ^
      21 |
      22 |     // Login (assuming auth is implemented)
      23 |     await page.click('button:has-text("Login")');
        at C:\Users\benja\projects\medio\tests\e2e\add-video-link.spec.ts:20:16

    attachment #1: screenshot (image/png) ──────────────────────────────────────────────────────────
    test-results\add-video-link-Add-YouTube-757a7--non-existent-YouTube-video-chromium\test-failed-1.png
    ────────────────────────────────────────────────────────────────────────────────────────────────

  5) [chromium] › tests\e2e\add-video-link.spec.ts:129:7 › Add YouTube Video by Link › should show error for private YouTube video 

    Error: page.goto: net::ERR_CONNECTION_REFUSED at http://localhost:3000/
    Call log:
    [2m  - navigating to "http://localhost:3000/", waiting until "load"[22m


      18 |     // Setup: Create a new page and log in
      19 |     page = await browser.newPage();
    > 20 |     await page.goto('http://localhost:3000');
         |                ^
      21 |
      22 |     // Login (assuming auth is implemented)
      23 |     await page.click('button:has-text("Login")');
        at C:\Users\benja\projects\medio\tests\e2e\add-video-link.spec.ts:20:16

    attachment #1: screenshot (image/png) ──────────────────────────────────────────────────────────
    test-results\add-video-link-Add-YouTube-5b6d1-r-for-private-YouTube-video-chromium\test-failed-1.png
    ────────────────────────────────────────────────────────────────────────────────────────────────

  6) [chromium] › tests\e2e\add-video-link.spec.ts:144:7 › Add YouTube Video by Link › should prevent duplicate video from being added 

    Error: page.goto: net::ERR_CONNECTION_REFUSED at http://localhost:3000/
    Call log:
    [2m  - navigating to "http://localhost:3000/", waiting until "load"[22m


      18 |     // Setup: Create a new page and log in
      19 |     page = await browser.newPage();
    > 20 |     await page.goto('http://localhost:3000');
         |                ^
      21 |
      22 |     // Login (assuming auth is implemented)
      23 |     await page.click('button:has-text("Login")');
        at C:\Users\benja\projects\medio\tests\e2e\add-video-link.spec.ts:20:16

    attachment #1: screenshot (image/png) ──────────────────────────────────────────────────────────
    test-results\add-video-link-Add-YouTube-9e4d8-cate-video-from-being-added-chromium\test-failed-1.png
    ────────────────────────────────────────────────────────────────────────────────────────────────

  7) [chromium] › tests\e2e\add-video-link.spec.ts:165:7 › Add YouTube Video by Link › should allow user to manually edit auto-filled metadata 

    Error: page.goto: net::ERR_CONNECTION_REFUSED at http://localhost:3000/
    Call log:
    [2m  - navigating to "http://localhost:3000/", waiting until "load"[22m


      18 |     // Setup: Create a new page and log in
      19 |     page = await browser.newPage();
    > 20 |     await page.goto('http://localhost:3000');
         |                ^
      21 |
      22 |     // Login (assuming auth is implemented)
      23 |     await page.click('button:has-text("Login")');
        at C:\Users\benja\projects\medio\tests\e2e\add-video-link.spec.ts:20:16

    attachment #1: screenshot (image/png) ──────────────────────────────────────────────────────────
    test-results\add-video-link-Add-YouTube-d1e9e-y-edit-auto-filled-metadata-chromium\test-failed-1.png
    ────────────────────────────────────────────────────────────────────────────────────────────────

  8) [chromium] › tests\e2e\add-video-link.spec.ts:190:7 › Add YouTube Video by Link › should require age rating selection before submitting 

    Error: page.goto: net::ERR_CONNECTION_REFUSED at http://localhost:3000/
    Call log:
    [2m  - navigating to "http://localhost:3000/", waiting until "load"[22m


      18 |     // Setup: Create a new page and log in
      19 |     page = await browser.newPage();
    > 20 |     await page.goto('http://localhost:3000');
         |                ^
      21 |
      22 |     // Login (assuming auth is implemented)
      23 |     await page.click('button:has-text("Login")');
        at C:\Users\benja\projects\medio\tests\e2e\add-video-link.spec.ts:20:16

    attachment #1: screenshot (image/png) ──────────────────────────────────────────────────────────
    test-results\add-video-link-Add-YouTube-ee90d-selection-before-submitting-chromium\test-failed-1.png
    ────────────────────────────────────────────────────────────────────────────────────────────────

  9) [chromium] › tests\e2e\add-video-link.spec.ts:206:7 › Add YouTube Video by Link › should show loading state while fetching metadata 

    Error: page.goto: net::ERR_CONNECTION_REFUSED at http://localhost:3000/
    Call log:
    [2m  - navigating to "http://localhost:3000/", waiting until "load"[22m


      18 |     // Setup: Create a new page and log in
      19 |     page = await browser.newPage();
    > 20 |     await page.goto('http://localhost:3000');
         |                ^
      21 |
      22 |     // Login (assuming auth is implemented)
      23 |     await page.click('button:has-text("Login")');
        at C:\Users\benja\projects\medio\tests\e2e\add-video-link.spec.ts:20:16

    attachment #1: screenshot (image/png) ──────────────────────────────────────────────────────────
    test-results\add-video-link-Add-YouTube-0dde0-ate-while-fetching-metadata-chromium\test-failed-1.png
    ────────────────────────────────────────────────────────────────────────────────────────────────

  10) [chromium] › tests\e2e\add-video-link.spec.ts:224:7 › Add YouTube Video by Link › should cancel and close modal without adding video 

    Error: page.goto: net::ERR_CONNECTION_REFUSED at http://localhost:3000/
    Call log:
    [2m  - navigating to "http://localhost:3000/", waiting until "load"[22m


      18 |     // Setup: Create a new page and log in
      19 |     page = await browser.newPage();
    > 20 |     await page.goto('http://localhost:3000');
         |                ^
      21 |
      22 |     // Login (assuming auth is implemented)
      23 |     await page.click('button:has-text("Login")');
        at C:\Users\benja\projects\medio\tests\e2e\add-video-link.spec.ts:20:16

    attachment #1: screenshot (image/png) ──────────────────────────────────────────────────────────
    test-results\add-video-link-Add-YouTube-45b52--modal-without-adding-video-chromium\test-failed-1.png
    ────────────────────────────────────────────────────────────────────────────────────────────────

  11) [chromium] › tests\e2e\add-video-link.spec.ts:243:7 › Add YouTube Video by Link › should handle different YouTube URL formats 

    Error: page.goto: net::ERR_CONNECTION_REFUSED at http://localhost:3000/
    Call log:
    [2m  - navigating to "http://localhost:3000/", waiting until "load"[22m


      18 |     // Setup: Create a new page and log in
      19 |     page = await browser.newPage();
    > 20 |     await page.goto('http://localhost:3000');
         |                ^
      21 |
      22 |     // Login (assuming auth is implemented)
      23 |     await page.click('button:has-text("Login")');
        at C:\Users\benja\projects\medio\tests\e2e\add-video-link.spec.ts:20:16

    attachment #1: screenshot (image/png) ──────────────────────────────────────────────────────────
    test-results\add-video-link-Add-YouTube-86919-fferent-YouTube-URL-formats-chromium\test-failed-1.png
    ────────────────────────────────────────────────────────────────────────────────────────────────

  12) [chromium] › tests\e2e\add-video-link.spec.ts:268:7 › Add YouTube Video by Link › should display video duration in human-readable format 

    Error: page.goto: net::ERR_CONNECTION_REFUSED at http://localhost:3000/
    Call log:
    [2m  - navigating to "http://localhost:3000/", waiting until "load"[22m


      18 |     // Setup: Create a new page and log in
      19 |     page = await browser.newPage();
    > 20 |     await page.goto('http://localhost:3000');
         |                ^
      21 |
      22 |     // Login (assuming auth is implemented)
      23 |     await page.click('button:has-text("Login")');
        at C:\Users\benja\projects\medio\tests\e2e\add-video-link.spec.ts:20:16

    attachment #1: screenshot (image/png) ──────────────────────────────────────────────────────────
    test-results\add-video-link-Add-YouTube-94efd-on-in-human-readable-format-chromium\test-failed-1.png
    ────────────────────────────────────────────────────────────────────────────────────────────────

  13) [chromium] › tests\e2e\add-video-link.spec.ts:281:7 › Add YouTube Video by Link › should show all age rating options 

    Error: page.goto: net::ERR_CONNECTION_REFUSED at http://localhost:3000/
    Call log:
    [2m  - navigating to "http://localhost:3000/", waiting until "load"[22m


      18 |     // Setup: Create a new page and log in
      19 |     page = await browser.newPage();
    > 20 |     await page.goto('http://localhost:3000');
         |                ^
      21 |
      22 |     // Login (assuming auth is implemented)
      23 |     await page.click('button:has-text("Login")');
        at C:\Users\benja\projects\medio\tests\e2e\add-video-link.spec.ts:20:16

    attachment #1: screenshot (image/png) ──────────────────────────────────────────────────────────
    test-results\add-video-link-Add-YouTube-96ff9-show-all-age-rating-options-chromium\test-failed-1.png
    ────────────────────────────────────────────────────────────────────────────────────────────────

  14) [chromium] › tests\e2e\add-video-link.spec.ts:321:7 › Add Vimeo Video by Link › should successfully add a Vimeo video by pasting URL 

    Error: page.goto: net::ERR_CONNECTION_REFUSED at http://localhost:3000/
    Call log:
    [2m  - navigating to "http://localhost:3000/", waiting until "load"[22m


      303 |     // Setup: Create a new page and log in
      304 |     page = await browser.newPage();
    > 305 |     await page.goto('http://localhost:3000');
          |                ^
      306 |
      307 |     // Login
      308 |     await page.click('button:has-text("Login")');
        at C:\Users\benja\projects\medio\tests\e2e\add-video-link.spec.ts:305:16

    attachment #1: screenshot (image/png) ──────────────────────────────────────────────────────────
    test-results\add-video-link-Add-Vimeo-V-84ff8--Vimeo-video-by-pasting-URL-chromium\test-failed-1.png
    ────────────────────────────────────────────────────────────────────────────────────────────────

  15) [chromium] › tests\e2e\add-video-link.spec.ts:361:7 › Add Vimeo Video by Link › should detect Vimeo platform from vimeo.com URL 

    Error: page.goto: net::ERR_CONNECTION_REFUSED at http://localhost:3000/
    Call log:
    [2m  - navigating to "http://localhost:3000/", waiting until "load"[22m


      303 |     // Setup: Create a new page and log in
      304 |     page = await browser.newPage();
    > 305 |     await page.goto('http://localhost:3000');
          |                ^
      306 |
      307 |     // Login
      308 |     await page.click('button:has-text("Login")');
        at C:\Users\benja\projects\medio\tests\e2e\add-video-link.spec.ts:305:16

    attachment #1: screenshot (image/png) ──────────────────────────────────────────────────────────
    test-results\add-video-link-Add-Vimeo-V-7d666-platform-from-vimeo-com-URL-chromium\test-failed-1.png
    ────────────────────────────────────────────────────────────────────────────────────────────────

  16) [chromium] › tests\e2e\add-video-link.spec.ts:373:7 › Add Vimeo Video by Link › should detect Vimeo platform from player.vimeo.com URL 

    Error: page.goto: net::ERR_CONNECTION_REFUSED at http://localhost:3000/
    Call log:
    [2m  - navigating to "http://localhost:3000/", waiting until "load"[22m


      303 |     // Setup: Create a new page and log in
      304 |     page = await browser.newPage();
    > 305 |     await page.goto('http://localhost:3000');
          |                ^
      306 |
      307 |     // Login
      308 |     await page.click('button:has-text("Login")');
        at C:\Users\benja\projects\medio\tests\e2e\add-video-link.spec.ts:305:16

    attachment #1: screenshot (image/png) ──────────────────────────────────────────────────────────
    test-results\add-video-link-Add-Vimeo-V-b3897-m-from-player-vimeo-com-URL-chromium\test-failed-1.png
    ────────────────────────────────────────────────────────────────────────────────────────────────

  17) [chromium] › tests\e2e\add-video-link.spec.ts:385:7 › Add Vimeo Video by Link › should show error for non-existent Vimeo video 

    Error: page.goto: net::ERR_CONNECTION_REFUSED at http://localhost:3000/
    Call log:
    [2m  - navigating to "http://localhost:3000/", waiting until "load"[22m


      303 |     // Setup: Create a new page and log in
      304 |     page = await browser.newPage();
    > 305 |     await page.goto('http://localhost:3000');
          |                ^
      306 |
      307 |     // Login
      308 |     await page.click('button:has-text("Login")');
        at C:\Users\benja\projects\medio\tests\e2e\add-video-link.spec.ts:305:16

    attachment #1: screenshot (image/png) ──────────────────────────────────────────────────────────
    test-results\add-video-link-Add-Vimeo-V-1bd58-or-non-existent-Vimeo-video-chromium\test-failed-1.png
    ────────────────────────────────────────────────────────────────────────────────────────────────

  18) [chromium] › tests\e2e\add-video-link.spec.ts:400:7 › Add Vimeo Video by Link › should show error for private Vimeo video 

    Error: page.goto: net::ERR_CONNECTION_REFUSED at http://localhost:3000/
    Call log:
    [2m  - navigating to "http://localhost:3000/", waiting until "load"[22m


      303 |     // Setup: Create a new page and log in
      304 |     page = await browser.newPage();
    > 305 |     await page.goto('http://localhost:3000');
          |                ^
      306 |
      307 |     // Login
      308 |     await page.click('button:has-text("Login")');
        at C:\Users\benja\projects\medio\tests\e2e\add-video-link.spec.ts:305:16

    attachment #1: screenshot (image/png) ──────────────────────────────────────────────────────────
    test-results\add-video-link-Add-Vimeo-V-4273e-ror-for-private-Vimeo-video-chromium\test-failed-1.png
    ────────────────────────────────────────────────────────────────────────────────────────────────

  19) [chromium] › tests\e2e\add-video-link.spec.ts:415:7 › Add Vimeo Video by Link › should allow editing auto-filled metadata for Vimeo videos 

    Error: page.goto: net::ERR_CONNECTION_REFUSED at http://localhost:3000/
    Call log:
    [2m  - navigating to "http://localhost:3000/", waiting until "load"[22m


      303 |     // Setup: Create a new page and log in
      304 |     page = await browser.newPage();
    > 305 |     await page.goto('http://localhost:3000');
          |                ^
      306 |
      307 |     // Login
      308 |     await page.click('button:has-text("Login")');
        at C:\Users\benja\projects\medio\tests\e2e\add-video-link.spec.ts:305:16

    attachment #1: screenshot (image/png) ──────────────────────────────────────────────────────────
    test-results\add-video-link-Add-Vimeo-V-16981-d-metadata-for-Vimeo-videos-chromium\test-failed-1.png
    ────────────────────────────────────────────────────────────────────────────────────────────────

  20) [chromium] › tests\e2e\add-video-link.spec.ts:440:7 › Add Vimeo Video by Link › should show loading state while fetching Vimeo metadata 

    Error: page.goto: net::ERR_CONNECTION_REFUSED at http://localhost:3000/
    Call log:
    [2m  - navigating to "http://localhost:3000/", waiting until "load"[22m


      303 |     // Setup: Create a new page and log in
      304 |     page = await browser.newPage();
    > 305 |     await page.goto('http://localhost:3000');
          |                ^
      306 |
      307 |     // Login
      308 |     await page.click('button:has-text("Login")');
        at C:\Users\benja\projects\medio\tests\e2e\add-video-link.spec.ts:305:16

    attachment #1: screenshot (image/png) ──────────────────────────────────────────────────────────
    test-results\add-video-link-Add-Vimeo-V-c72ea-ile-fetching-Vimeo-metadata-chromium\test-failed-1.png
    ────────────────────────────────────────────────────────────────────────────────────────────────

  21) [chromium] › tests\e2e\add-video-link.spec.ts:458:7 › Add Vimeo Video by Link › should handle different Vimeo URL formats 

    Error: page.goto: net::ERR_CONNECTION_REFUSED at http://localhost:3000/
    Call log:
    [2m  - navigating to "http://localhost:3000/", waiting until "load"[22m


      303 |     // Setup: Create a new page and log in
      304 |     page = await browser.newPage();
    > 305 |     await page.goto('http://localhost:3000');
          |                ^
      306 |
      307 |     // Login
      308 |     await page.click('button:has-text("Login")');
        at C:\Users\benja\projects\medio\tests\e2e\add-video-link.spec.ts:305:16

    attachment #1: screenshot (image/png) ──────────────────────────────────────────────────────────
    test-results\add-video-link-Add-Vimeo-V-6052d-different-Vimeo-URL-formats-chromium\test-failed-1.png
    ────────────────────────────────────────────────────────────────────────────────────────────────

  22) [chromium] › tests\e2e\add-video-link.spec.ts:504:7 › Add Dailymotion Video by Link › should successfully add a Dailymotion video by pasting URL 

    Error: page.goto: net::ERR_CONNECTION_REFUSED at http://localhost:3000/
    Call log:
    [2m  - navigating to "http://localhost:3000/", waiting until "load"[22m


      486 |     // Setup: Create a new page and log in
      487 |     page = await browser.newPage();
    > 488 |     await page.goto('http://localhost:3000');
          |                ^
      489 |
      490 |     // Login
      491 |     await page.click('button:has-text("Login")');
        at C:\Users\benja\projects\medio\tests\e2e\add-video-link.spec.ts:488:16

    attachment #1: screenshot (image/png) ──────────────────────────────────────────────────────────
    test-results\add-video-link-Add-Dailymo-c08e8-motion-video-by-pasting-URL-chromium\test-failed-1.png
    ────────────────────────────────────────────────────────────────────────────────────────────────

  23) [chromium] › tests\e2e\add-video-link.spec.ts:544:7 › Add Dailymotion Video by Link › should detect Dailymotion platform from dailymotion.com URL 

    Error: page.goto: net::ERR_CONNECTION_REFUSED at http://localhost:3000/
    Call log:
    [2m  - navigating to "http://localhost:3000/", waiting until "load"[22m


      486 |     // Setup: Create a new page and log in
      487 |     page = await browser.newPage();
    > 488 |     await page.goto('http://localhost:3000');
          |                ^
      489 |
      490 |     // Login
      491 |     await page.click('button:has-text("Login")');
        at C:\Users\benja\projects\medio\tests\e2e\add-video-link.spec.ts:488:16

    attachment #1: screenshot (image/png) ──────────────────────────────────────────────────────────
    test-results\add-video-link-Add-Dailymo-b5cd5-rm-from-dailymotion-com-URL-chromium\test-failed-1.png
    ────────────────────────────────────────────────────────────────────────────────────────────────

  24) [chromium] › tests\e2e\add-video-link.spec.ts:556:7 › Add Dailymotion Video by Link › should detect Dailymotion platform from dai.ly short URL 

    Error: page.goto: net::ERR_CONNECTION_REFUSED at http://localhost:3000/
    Call log:
    [2m  - navigating to "http://localhost:3000/", waiting until "load"[22m


      486 |     // Setup: Create a new page and log in
      487 |     page = await browser.newPage();
    > 488 |     await page.goto('http://localhost:3000');
          |                ^
      489 |
      490 |     // Login
      491 |     await page.click('button:has-text("Login")');
        at C:\Users\benja\projects\medio\tests\e2e\add-video-link.spec.ts:488:16

    attachment #1: screenshot (image/png) ──────────────────────────────────────────────────────────
    test-results\add-video-link-Add-Dailymo-d7ba5-tform-from-dai-ly-short-URL-chromium\test-failed-1.png
    ────────────────────────────────────────────────────────────────────────────────────────────────

  25) [chromium] › tests\e2e\add-video-link.spec.ts:568:7 › Add Dailymotion Video by Link › should show error for non-existent Dailymotion video 

    Error: page.goto: net::ERR_CONNECTION_REFUSED at http://localhost:3000/
    Call log:
    [2m  - navigating to "http://localhost:3000/", waiting until "load"[22m


      486 |     // Setup: Create a new page and log in
      487 |     page = await browser.newPage();
    > 488 |     await page.goto('http://localhost:3000');
          |                ^
      489 |
      490 |     // Login
      491 |     await page.click('button:has-text("Login")');
        at C:\Users\benja\projects\medio\tests\e2e\add-video-link.spec.ts:488:16

    attachment #1: screenshot (image/png) ──────────────────────────────────────────────────────────
    test-results\add-video-link-Add-Dailymo-56167--existent-Dailymotion-video-chromium\test-failed-1.png
    ────────────────────────────────────────────────────────────────────────────────────────────────

  26) [chromium] › tests\e2e\add-video-link.spec.ts:583:7 › Add Dailymotion Video by Link › should show error for private Dailymotion video 

    Error: page.goto: net::ERR_CONNECTION_REFUSED at http://localhost:3000/
    Call log:
    [2m  - navigating to "http://localhost:3000/", waiting until "load"[22m


      486 |     // Setup: Create a new page and log in
      487 |     page = await browser.newPage();
    > 488 |     await page.goto('http://localhost:3000');
          |                ^
      489 |
      490 |     // Login
      491 |     await page.click('button:has-text("Login")');
        at C:\Users\benja\projects\medio\tests\e2e\add-video-link.spec.ts:488:16

    attachment #1: screenshot (image/png) ──────────────────────────────────────────────────────────
    test-results\add-video-link-Add-Dailymo-6a71c-r-private-Dailymotion-video-chromium\test-failed-1.png
    ────────────────────────────────────────────────────────────────────────────────────────────────

  27) [chromium] › tests\e2e\add-video-link.spec.ts:598:7 › Add Dailymotion Video by Link › should allow editing auto-filled metadata for Dailymotion videos 

    Error: page.goto: net::ERR_CONNECTION_REFUSED at http://localhost:3000/
    Call log:
    [2m  - navigating to "http://localhost:3000/", waiting until "load"[22m


      486 |     // Setup: Create a new page and log in
      487 |     page = await browser.newPage();
    > 488 |     await page.goto('http://localhost:3000');
          |                ^
      489 |
      490 |     // Login
      491 |     await page.click('button:has-text("Login")');
        at C:\Users\benja\projects\medio\tests\e2e\add-video-link.spec.ts:488:16

    attachment #1: screenshot (image/png) ──────────────────────────────────────────────────────────
    test-results\add-video-link-Add-Dailymo-bf50b-data-for-Dailymotion-videos-chromium\test-failed-1.png
    ────────────────────────────────────────────────────────────────────────────────────────────────

  28) [chromium] › tests\e2e\add-video-link.spec.ts:623:7 › Add Dailymotion Video by Link › should show loading state while fetching Dailymotion metadata 

    Error: page.goto: net::ERR_CONNECTION_REFUSED at http://localhost:3000/
    Call log:
    [2m  - navigating to "http://localhost:3000/", waiting until "load"[22m


      486 |     // Setup: Create a new page and log in
      487 |     page = await browser.newPage();
    > 488 |     await page.goto('http://localhost:3000');
          |                ^
      489 |
      490 |     // Login
      491 |     await page.click('button:has-text("Login")');
        at C:\Users\benja\projects\medio\tests\e2e\add-video-link.spec.ts:488:16

    attachment #1: screenshot (image/png) ──────────────────────────────────────────────────────────
    test-results\add-video-link-Add-Dailymo-d7293-tching-Dailymotion-metadata-chromium\test-failed-1.png
    ────────────────────────────────────────────────────────────────────────────────────────────────

  29) [chromium] › tests\e2e\add-video-link.spec.ts:641:7 › Add Dailymotion Video by Link › should handle different Dailymotion URL formats 

    Error: page.goto: net::ERR_CONNECTION_REFUSED at http://localhost:3000/
    Call log:
    [2m  - navigating to "http://localhost:3000/", waiting until "load"[22m


      486 |     // Setup: Create a new page and log in
      487 |     page = await browser.newPage();
    > 488 |     await page.goto('http://localhost:3000');
          |                ^
      489 |
      490 |     // Login
      491 |     await page.click('button:has-text("Login")');
        at C:\Users\benja\projects\medio\tests\e2e\add-video-link.spec.ts:488:16

    attachment #1: screenshot (image/png) ──────────────────────────────────────────────────────────
    test-results\add-video-link-Add-Dailymo-061bb-ent-Dailymotion-URL-formats-chromium\test-failed-1.png
    ────────────────────────────────────────────────────────────────────────────────────────────────

  30) [chromium] › tests\e2e\add-video-link.spec.ts:664:7 › Add Dailymotion Video by Link › should prevent duplicate Dailymotion video from being added 

    Error: page.goto: net::ERR_CONNECTION_REFUSED at http://localhost:3000/
    Call log:
    [2m  - navigating to "http://localhost:3000/", waiting until "load"[22m


      486 |     // Setup: Create a new page and log in
      487 |     page = await browser.newPage();
    > 488 |     await page.goto('http://localhost:3000');
          |                ^
      489 |
      490 |     // Login
      491 |     await page.click('button:has-text("Login")');
        at C:\Users\benja\projects\medio\tests\e2e\add-video-link.spec.ts:488:16

    attachment #1: screenshot (image/png) ──────────────────────────────────────────────────────────
    test-results\add-video-link-Add-Dailymo-77543-tion-video-from-being-added-chromium\test-failed-1.png
    ────────────────────────────────────────────────────────────────────────────────────────────────

  31) [chromium] › tests\e2e\add-video-link.spec.ts:708:9 › Phase 5: Error Handling - Invalid URL, Duplicate, and Timeout › Invalid URL Error Messages (T058) › should show clear error for completely invalid URL 

    Error: page.goto: net::ERR_CONNECTION_REFUSED at http://localhost:3000/
    Call log:
    [2m  - navigating to "http://localhost:3000/", waiting until "load"[22m


      690 |   test.beforeEach(async ({ browser }) => {
      691 |     page = await browser.newPage();
    > 692 |     await page.goto('http://localhost:3000');
          |                ^
      693 |
      694 |     // Login
      695 |     await page.click('button:has-text("Login")');
        at C:\Users\benja\projects\medio\tests\e2e\add-video-link.spec.ts:692:16

    attachment #1: screenshot (image/png) ──────────────────────────────────────────────────────────
    test-results\add-video-link-Phase-5-Err-f9f6f--for-completely-invalid-URL-chromium\test-failed-1.png
    ────────────────────────────────────────────────────────────────────────────────────────────────

  32) [chromium] › tests\e2e\add-video-link.spec.ts:726:9 › Phase 5: Error Handling - Invalid URL, Duplicate, and Timeout › Invalid URL Error Messages (T058) › should show error for unsupported platform URL 

    Error: page.goto: net::ERR_CONNECTION_REFUSED at http://localhost:3000/
    Call log:
    [2m  - navigating to "http://localhost:3000/", waiting until "load"[22m


      690 |   test.beforeEach(async ({ browser }) => {
      691 |     page = await browser.newPage();
    > 692 |     await page.goto('http://localhost:3000');
          |                ^
      693 |
      694 |     // Login
      695 |     await page.click('button:has-text("Login")');
        at C:\Users\benja\projects\medio\tests\e2e\add-video-link.spec.ts:692:16

    attachment #1: screenshot (image/png) ──────────────────────────────────────────────────────────
    test-results\add-video-link-Phase-5-Err-0ae87-or-unsupported-platform-URL-chromium\test-failed-1.png
    ────────────────────────────────────────────────────────────────────────────────────────────────

  33) [chromium] › tests\e2e\add-video-link.spec.ts:740:9 › Phase 5: Error Handling - Invalid URL, Duplicate, and Timeout › Invalid URL Error Messages (T058) › should show error for malformed YouTube URL 

    Error: page.goto: net::ERR_CONNECTION_REFUSED at http://localhost:3000/
    Call log:
    [2m  - navigating to "http://localhost:3000/", waiting until "load"[22m


      690 |   test.beforeEach(async ({ browser }) => {
      691 |     page = await browser.newPage();
    > 692 |     await page.goto('http://localhost:3000');
          |                ^
      693 |
      694 |     // Login
      695 |     await page.click('button:has-text("Login")');
        at C:\Users\benja\projects\medio\tests\e2e\add-video-link.spec.ts:692:16

    attachment #1: screenshot (image/png) ──────────────────────────────────────────────────────────
    test-results\add-video-link-Phase-5-Err-746b0-r-for-malformed-YouTube-URL-chromium\test-failed-1.png
    ────────────────────────────────────────────────────────────────────────────────────────────────

  34) [chromium] › tests\e2e\add-video-link.spec.ts:753:9 › Phase 5: Error Handling - Invalid URL, Duplicate, and Timeout › Invalid URL Error Messages (T058) › should show actionable error message for invalid URL 

    Error: page.goto: net::ERR_CONNECTION_REFUSED at http://localhost:3000/
    Call log:
    [2m  - navigating to "http://localhost:3000/", waiting until "load"[22m


      690 |   test.beforeEach(async ({ browser }) => {
      691 |     page = await browser.newPage();
    > 692 |     await page.goto('http://localhost:3000');
          |                ^
      693 |
      694 |     // Login
      695 |     await page.click('button:has-text("Login")');
        at C:\Users\benja\projects\medio\tests\e2e\add-video-link.spec.ts:692:16

    attachment #1: screenshot (image/png) ──────────────────────────────────────────────────────────
    test-results\add-video-link-Phase-5-Err-6866a-ror-message-for-invalid-URL-chromium\test-failed-1.png
    ────────────────────────────────────────────────────────────────────────────────────────────────

  35) [chromium] › tests\e2e\add-video-link.spec.ts:767:9 › Phase 5: Error Handling - Invalid URL, Duplicate, and Timeout › Invalid URL Error Messages (T058) › should clear error when valid URL is entered 

    Error: page.goto: net::ERR_CONNECTION_REFUSED at http://localhost:3000/
    Call log:
    [2m  - navigating to "http://localhost:3000/", waiting until "load"[22m


      690 |   test.beforeEach(async ({ browser }) => {
      691 |     page = await browser.newPage();
    > 692 |     await page.goto('http://localhost:3000');
          |                ^
      693 |
      694 |     // Login
      695 |     await page.click('button:has-text("Login")');
        at C:\Users\benja\projects\medio\tests\e2e\add-video-link.spec.ts:692:16

    attachment #1: screenshot (image/png) ──────────────────────────────────────────────────────────
    test-results\add-video-link-Phase-5-Err-984f9-r-when-valid-URL-is-entered-chromium\test-failed-1.png
    ────────────────────────────────────────────────────────────────────────────────────────────────

  36) [chromium] › tests\e2e\add-video-link.spec.ts:791:9 › Phase 5: Error Handling - Invalid URL, Duplicate, and Timeout › Invalid URL Error Messages (T058) › should prevent submission with invalid URL 

    Error: page.goto: net::ERR_CONNECTION_REFUSED at http://localhost:3000/
    Call log:
    [2m  - navigating to "http://localhost:3000/", waiting until "load"[22m


      690 |   test.beforeEach(async ({ browser }) => {
      691 |     page = await browser.newPage();
    > 692 |     await page.goto('http://localhost:3000');
          |                ^
      693 |
      694 |     // Login
      695 |     await page.click('button:has-text("Login")');
        at C:\Users\benja\projects\medio\tests\e2e\add-video-link.spec.ts:692:16

    attachment #1: screenshot (image/png) ──────────────────────────────────────────────────────────
    test-results\add-video-link-Phase-5-Err-ebda0-submission-with-invalid-URL-chromium\test-failed-1.png
    ────────────────────────────────────────────────────────────────────────────────────────────────

  37) [chromium] › tests\e2e\add-video-link.spec.ts:812:9 › Phase 5: Error Handling - Invalid URL, Duplicate, and Timeout › Duplicate Video Warning (T059) › should show warning modal when attempting to add duplicate video 

    Error: page.goto: net::ERR_CONNECTION_REFUSED at http://localhost:3000/
    Call log:
    [2m  - navigating to "http://localhost:3000/", waiting until "load"[22m


      690 |   test.beforeEach(async ({ browser }) => {
      691 |     page = await browser.newPage();
    > 692 |     await page.goto('http://localhost:3000');
          |                ^
      693 |
      694 |     // Login
      695 |     await page.click('button:has-text("Login")');
        at C:\Users\benja\projects\medio\tests\e2e\add-video-link.spec.ts:692:16

    attachment #1: screenshot (image/png) ──────────────────────────────────────────────────────────
    test-results\add-video-link-Phase-5-Err-ff1e5-ting-to-add-duplicate-video-chromium\test-failed-1.png
    ────────────────────────────────────────────────────────────────────────────────────────────────

  38) [chromium] › tests\e2e\add-video-link.spec.ts:834:9 › Phase 5: Error Handling - Invalid URL, Duplicate, and Timeout › Duplicate Video Warning (T059) › should provide link to existing video in library when duplicate detected 

    Error: page.goto: net::ERR_CONNECTION_REFUSED at http://localhost:3000/
    Call log:
    [2m  - navigating to "http://localhost:3000/", waiting until "load"[22m


      690 |   test.beforeEach(async ({ browser }) => {
      691 |     page = await browser.newPage();
    > 692 |     await page.goto('http://localhost:3000');
          |                ^
      693 |
      694 |     // Login
      695 |     await page.click('button:has-text("Login")');
        at C:\Users\benja\projects\medio\tests\e2e\add-video-link.spec.ts:692:16

    attachment #1: screenshot (image/png) ──────────────────────────────────────────────────────────
    test-results\add-video-link-Phase-5-Err-05091-ary-when-duplicate-detected-chromium\test-failed-1.png
    ────────────────────────────────────────────────────────────────────────────────────────────────

  39) [chromium] › tests\e2e\add-video-link.spec.ts:856:9 › Phase 5: Error Handling - Invalid URL, Duplicate, and Timeout › Duplicate Video Warning (T059) › should detect duplicate even with different URL format 

    Error: page.goto: net::ERR_CONNECTION_REFUSED at http://localhost:3000/
    Call log:
    [2m  - navigating to "http://localhost:3000/", waiting until "load"[22m


      690 |   test.beforeEach(async ({ browser }) => {
      691 |     page = await browser.newPage();
    > 692 |     await page.goto('http://localhost:3000');
          |                ^
      693 |
      694 |     // Login
      695 |     await page.click('button:has-text("Login")');
        at C:\Users\benja\projects\medio\tests\e2e\add-video-link.spec.ts:692:16

    attachment #1: screenshot (image/png) ──────────────────────────────────────────────────────────
    test-results\add-video-link-Phase-5-Err-dc32b-n-with-different-URL-format-chromium\test-failed-1.png
    ────────────────────────────────────────────────────────────────────────────────────────────────

  40) [chromium] › tests\e2e\add-video-link.spec.ts:878:9 › Phase 5: Error Handling - Invalid URL, Duplicate, and Timeout › Duplicate Video Warning (T059) › should allow user to cancel after duplicate warning 

    Error: page.goto: net::ERR_CONNECTION_REFUSED at http://localhost:3000/
    Call log:
    [2m  - navigating to "http://localhost:3000/", waiting until "load"[22m


      690 |   test.beforeEach(async ({ browser }) => {
      691 |     page = await browser.newPage();
    > 692 |     await page.goto('http://localhost:3000');
          |                ^
      693 |
      694 |     // Login
      695 |     await page.click('button:has-text("Login")');
        at C:\Users\benja\projects\medio\tests\e2e\add-video-link.spec.ts:692:16

    attachment #1: screenshot (image/png) ──────────────────────────────────────────────────────────
    test-results\add-video-link-Phase-5-Err-cf2cb-cel-after-duplicate-warning-chromium\test-failed-1.png
    ────────────────────────────────────────────────────────────────────────────────────────────────

  41) [chromium] › tests\e2e\add-video-link.spec.ts:908:9 › Phase 5: Error Handling - Invalid URL, Duplicate, and Timeout › Manual Entry Fallback (T075-T076) › T075: should allow manual entry after metadata API failure 

    Error: page.goto: net::ERR_CONNECTION_REFUSED at http://localhost:3000/
    Call log:
    [2m  - navigating to "http://localhost:3000/", waiting until "load"[22m


      690 |   test.beforeEach(async ({ browser }) => {
      691 |     page = await browser.newPage();
    > 692 |     await page.goto('http://localhost:3000');
          |                ^
      693 |
      694 |     // Login
      695 |     await page.click('button:has-text("Login")');
        at C:\Users\benja\projects\medio\tests\e2e\add-video-link.spec.ts:692:16

    attachment #1: screenshot (image/png) ──────────────────────────────────────────────────────────
    test-results\add-video-link-Phase-5-Err-f3009--after-metadata-API-failure-chromium\test-failed-1.png
    ────────────────────────────────────────────────────────────────────────────────────────────────

  42) [chromium] › tests\e2e\add-video-link.spec.ts:946:9 › Phase 5: Error Handling - Invalid URL, Duplicate, and Timeout › Manual Entry Fallback (T075-T076) › T075: should keep manually entered data after API failure 

    Error: page.goto: net::ERR_CONNECTION_REFUSED at http://localhost:3000/
    Call log:
    [2m  - navigating to "http://localhost:3000/", waiting until "load"[22m


      690 |   test.beforeEach(async ({ browser }) => {
      691 |     page = await browser.newPage();
    > 692 |     await page.goto('http://localhost:3000');
          |                ^
      693 |
      694 |     // Login
      695 |     await page.click('button:has-text("Login")');
        at C:\Users\benja\projects\medio\tests\e2e\add-video-link.spec.ts:692:16

    attachment #1: screenshot (image/png) ──────────────────────────────────────────────────────────
    test-results\add-video-link-Phase-5-Err-de22b-ered-data-after-API-failure-chromium\test-failed-1.png
    ────────────────────────────────────────────────────────────────────────────────────────────────

  43) [chromium] › tests\e2e\add-video-link.spec.ts:982:9 › Phase 5: Error Handling - Invalid URL, Duplicate, and Timeout › Manual Entry Fallback (T075-T076) › T076: should allow manual entry for unsupported platform 

    Error: page.goto: net::ERR_CONNECTION_REFUSED at http://localhost:3000/
    Call log:
    [2m  - navigating to "http://localhost:3000/", waiting until "load"[22m


      690 |   test.beforeEach(async ({ browser }) => {
      691 |     page = await browser.newPage();
    > 692 |     await page.goto('http://localhost:3000');
          |                ^
      693 |
      694 |     // Login
      695 |     await page.click('button:has-text("Login")');
        at C:\Users\benja\projects\medio\tests\e2e\add-video-link.spec.ts:692:16

    attachment #1: screenshot (image/png) ──────────────────────────────────────────────────────────
    test-results\add-video-link-Phase-5-Err-16dd1-ry-for-unsupported-platform-chromium\test-failed-1.png
    ────────────────────────────────────────────────────────────────────────────────────────────────

  44) [chromium] › tests\e2e\add-video-link.spec.ts:1023:9 › Phase 5: Error Handling - Invalid URL, Duplicate, and Timeout › Manual Entry Fallback (T075-T076) › T076: should show manual entry mode for Instagram URL 

    Error: page.goto: net::ERR_CONNECTION_REFUSED at http://localhost:3000/
    Call log:
    [2m  - navigating to "http://localhost:3000/", waiting until "load"[22m


      690 |   test.beforeEach(async ({ browser }) => {
      691 |     page = await browser.newPage();
    > 692 |     await page.goto('http://localhost:3000');
          |                ^
      693 |
      694 |     // Login
      695 |     await page.click('button:has-text("Login")');
        at C:\Users\benja\projects\medio\tests\e2e\add-video-link.spec.ts:692:16

    attachment #1: screenshot (image/png) ──────────────────────────────────────────────────────────
    test-results\add-video-link-Phase-5-Err-6c005-ntry-mode-for-Instagram-URL-chromium\test-failed-1.png
    ────────────────────────────────────────────────────────────────────────────────────────────────

  45) [chromium] › tests\e2e\add-video-link.spec.ts:1042:9 › Phase 5: Error Handling - Invalid URL, Duplicate, and Timeout › Manual Entry Fallback (T075-T076) › T075-T076: should require only minimal fields for manual entry submission 

    Error: page.goto: net::ERR_CONNECTION_REFUSED at http://localhost:3000/
    Call log:
    [2m  - navigating to "http://localhost:3000/", waiting until "load"[22m


      690 |   test.beforeEach(async ({ browser }) => {
      691 |     page = await browser.newPage();
    > 692 |     await page.goto('http://localhost:3000');
          |                ^
      693 |
      694 |     // Login
      695 |     await page.click('button:has-text("Login")');
        at C:\Users\benja\projects\medio\tests\e2e\add-video-link.spec.ts:692:16

    attachment #1: screenshot (image/png) ──────────────────────────────────────────────────────────
    test-results\add-video-link-Phase-5-Err-e5c14-for-manual-entry-submission-chromium\test-failed-1.png
    ────────────────────────────────────────────────────────────────────────────────────────────────

  46) [chromium] › tests\e2e\add-video-link.spec.ts:1069:9 › Phase 5: Error Handling - Invalid URL, Duplicate, and Timeout › Manual Entry Fallback (T075-T076) › T075: should clear manual entry mode when URL is changed to valid one 

    Error: page.goto: net::ERR_CONNECTION_REFUSED at http://localhost:3000/
    Call log:
    [2m  - navigating to "http://localhost:3000/", waiting until "load"[22m


      690 |   test.beforeEach(async ({ browser }) => {
      691 |     page = await browser.newPage();
    > 692 |     await page.goto('http://localhost:3000');
          |                ^
      693 |
      694 |     // Login
      695 |     await page.click('button:has-text("Login")');
        at C:\Users\benja\projects\medio\tests\e2e\add-video-link.spec.ts:692:16

    attachment #1: screenshot (image/png) ──────────────────────────────────────────────────────────
    test-results\add-video-link-Phase-5-Err-ab2fc-URL-is-changed-to-valid-one-chromium\test-failed-1.png
    ────────────────────────────────────────────────────────────────────────────────────────────────

  47) [chromium] › tests\e2e\add-video-link.spec.ts:1095:9 › Phase 5: Error Handling - Invalid URL, Duplicate, and Timeout › Manual Entry Fallback (T075-T076) › T075: should show validation error for manual entry without title 

    Error: page.goto: net::ERR_CONNECTION_REFUSED at http://localhost:3000/
    Call log:
    [2m  - navigating to "http://localhost:3000/", waiting until "load"[22m


      690 |   test.beforeEach(async ({ browser }) => {
      691 |     page = await browser.newPage();
    > 692 |     await page.goto('http://localhost:3000');
          |                ^
      693 |
      694 |     // Login
      695 |     await page.click('button:has-text("Login")');
        at C:\Users\benja\projects\medio\tests\e2e\add-video-link.spec.ts:692:16

    attachment #1: screenshot (image/png) ──────────────────────────────────────────────────────────
    test-results\add-video-link-Phase-5-Err-30ed8--manual-entry-without-title-chromium\test-failed-1.png
    ────────────────────────────────────────────────────────────────────────────────────────────────

  48) [chromium] › tests\e2e\add-video-link.spec.ts:1117:9 › Phase 5: Error Handling - Invalid URL, Duplicate, and Timeout › Manual Entry Fallback (T075-T076) › T075: should show validation error for manual entry without age rating 

    Error: page.goto: net::ERR_CONNECTION_REFUSED at http://localhost:3000/
    Call log:
    [2m  - navigating to "http://localhost:3000/", waiting until "load"[22m


      690 |   test.beforeEach(async ({ browser }) => {
      691 |     page = await browser.newPage();
    > 692 |     await page.goto('http://localhost:3000');
          |                ^
      693 |
      694 |     // Login
      695 |     await page.click('button:has-text("Login")');
        at C:\Users\benja\projects\medio\tests\e2e\add-video-link.spec.ts:692:16

    attachment #1: screenshot (image/png) ──────────────────────────────────────────────────────────
    test-results\add-video-link-Phase-5-Err-ba0d7-al-entry-without-age-rating-chromium\test-failed-1.png
    ────────────────────────────────────────────────────────────────────────────────────────────────

  49) [chromium] › tests\e2e\add-video-link.spec.ts:1142:9 › Phase 5: Error Handling - Invalid URL, Duplicate, and Timeout › Timeout Error Handling (T060) › should show timeout error when metadata fetch takes too long 

    Error: page.goto: net::ERR_CONNECTION_REFUSED at http://localhost:3000/
    Call log:
    [2m  - navigating to "http://localhost:3000/", waiting until "load"[22m


      690 |   test.beforeEach(async ({ browser }) => {
      691 |     page = await browser.newPage();
    > 692 |     await page.goto('http://localhost:3000');
          |                ^
      693 |
      694 |     // Login
      695 |     await page.click('button:has-text("Login")');
        at C:\Users\benja\projects\medio\tests\e2e\add-video-link.spec.ts:692:16

    attachment #1: screenshot (image/png) ──────────────────────────────────────────────────────────
    test-results\add-video-link-Phase-5-Err-ef51b-tadata-fetch-takes-too-long-chromium\test-failed-1.png
    ────────────────────────────────────────────────────────────────────────────────────────────────

  50) [chromium] › tests\e2e\add-video-link.spec.ts:1158:9 › Phase 5: Error Handling - Invalid URL, Duplicate, and Timeout › Timeout Error Handling (T060) › should provide retry option after timeout 

    Error: page.goto: net::ERR_CONNECTION_REFUSED at http://localhost:3000/
    Call log:
    [2m  - navigating to "http://localhost:3000/", waiting until "load"[22m


      690 |   test.beforeEach(async ({ browser }) => {
      691 |     page = await browser.newPage();
    > 692 |     await page.goto('http://localhost:3000');
          |                ^
      693 |
      694 |     // Login
      695 |     await page.click('button:has-text("Login")');
        at C:\Users\benja\projects\medio\tests\e2e\add-video-link.spec.ts:692:16

    attachment #1: screenshot (image/png) ──────────────────────────────────────────────────────────
    test-results\add-video-link-Phase-5-Err-dc2e2--retry-option-after-timeout-chromium\test-failed-1.png
    ────────────────────────────────────────────────────────────────────────────────────────────────

  51) [chromium] › tests\e2e\add-video-link.spec.ts:1176:9 › Phase 5: Error Handling - Invalid URL, Duplicate, and Timeout › Timeout Error Handling (T060) › should show loading indicator before timeout 

    Error: page.goto: net::ERR_CONNECTION_REFUSED at http://localhost:3000/
    Call log:
    [2m  - navigating to "http://localhost:3000/", waiting until "load"[22m


      690 |   test.beforeEach(async ({ browser }) => {
      691 |     page = await browser.newPage();
    > 692 |     await page.goto('http://localhost:3000');
          |                ^
      693 |
      694 |     // Login
      695 |     await page.click('button:has-text("Login")');
        at C:\Users\benja\projects\medio\tests\e2e\add-video-link.spec.ts:692:16

    attachment #1: screenshot (image/png) ──────────────────────────────────────────────────────────
    test-results\add-video-link-Phase-5-Err-e9906-ng-indicator-before-timeout-chromium\test-failed-1.png
    ────────────────────────────────────────────────────────────────────────────────────────────────

  52) [chromium] › tests\e2e\add-video-link.spec.ts:1192:9 › Phase 5: Error Handling - Invalid URL, Duplicate, and Timeout › Timeout Error Handling (T060) › should provide actionable guidance in timeout error 

    Error: page.goto: net::ERR_CONNECTION_REFUSED at http://localhost:3000/
    Call log:
    [2m  - navigating to "http://localhost:3000/", waiting until "load"[22m


      690 |   test.beforeEach(async ({ browser }) => {
      691 |     page = await browser.newPage();
    > 692 |     await page.goto('http://localhost:3000');
          |                ^
      693 |
      694 |     // Login
      695 |     await page.click('button:has-text("Login")');
        at C:\Users\benja\projects\medio\tests\e2e\add-video-link.spec.ts:692:16

    attachment #1: screenshot (image/png) ──────────────────────────────────────────────────────────
    test-results\add-video-link-Phase-5-Err-22616-e-guidance-in-timeout-error-chromium\test-failed-1.png
    ────────────────────────────────────────────────────────────────────────────────────────────────

  53) [chromium] › tests\e2e\add-video-link.spec.ts:1206:9 › Phase 5: Error Handling - Invalid URL, Duplicate, and Timeout › Timeout Error Handling (T060) › should allow user to cancel during long loading 

    Error: page.goto: net::ERR_CONNECTION_REFUSED at http://localhost:3000/
    Call log:
    [2m  - navigating to "http://localhost:3000/", waiting until "load"[22m


      690 |   test.beforeEach(async ({ browser }) => {
      691 |     page = await browser.newPage();
    > 692 |     await page.goto('http://localhost:3000');
          |                ^
      693 |
      694 |     // Login
      695 |     await page.click('button:has-text("Login")');
        at C:\Users\benja\projects\medio\tests\e2e\add-video-link.spec.ts:692:16

    attachment #1: screenshot (image/png) ──────────────────────────────────────────────────────────
    test-results\add-video-link-Phase-5-Err-e29bb--cancel-during-long-loading-chromium\test-failed-1.png
    ────────────────────────────────────────────────────────────────────────────────────────────────

  54) [chromium] › tests\e2e\auth-registration-proxy.spec.ts:38:7 › Same-Origin Authentication via Proxy › T013: should redirect to dashboard after successful registration 

    [31mTest timeout of 30000ms exceeded.[39m

    Error: page.fill: Test timeout of 30000ms exceeded.
    Call log:
    [2m  - waiting for locator('input[name="email"]')[22m


      41 |
      42 |     // Fill registration form
    > 43 |     await page.fill('input[name="email"]', TEST_USER.email);
         |                ^
      44 |     await page.fill('input[name="password"]', TEST_USER.password);
      45 |     await page.fill('input[name="name"]', TEST_USER.name);
      46 |
        at C:\Users\benja\projects\medio\tests\e2e\auth-registration-proxy.spec.ts:43:16

    attachment #1: screenshot (image/png) ──────────────────────────────────────────────────────────
    test-results\auth-registration-proxy-Sa-bacf5-ter-successful-registration-chromium\test-failed-1.png
    ────────────────────────────────────────────────────────────────────────────────────────────────

    attachment #2: video (video/webm) ──────────────────────────────────────────────────────────────
    test-results\auth-registration-proxy-Sa-bacf5-ter-successful-registration-chromium\video.webm
    ────────────────────────────────────────────────────────────────────────────────────────────────

    Error Context: test-results\auth-registration-proxy-Sa-bacf5-ter-successful-registration-chromium\error-context.md

  55) [chromium] › tests\e2e\auth-registration-proxy.spec.ts:57:7 › Same-Origin Authentication via Proxy › T014: should load Videos page without 401 errors after registration 

    [31mTest timeout of 30000ms exceeded.[39m

    Error: page.fill: Test timeout of 30000ms exceeded.
    Call log:
    [2m  - waiting for locator('input[name="email"]')[22m


      58 |     // Register user first
      59 |     await page.goto(`${PROXY_URL}/register`);
    > 60 |     await page.fill('input[name="email"]', `${TEST_USER.email}-videos`);
         |                ^
      61 |     await page.fill('input[name="password"]', TEST_USER.password);
      62 |     await page.fill('input[name="name"]', TEST_USER.name);
      63 |     await page.click('button[type="submit"]');
        at C:\Users\benja\projects\medio\tests\e2e\auth-registration-proxy.spec.ts:60:16

    attachment #1: screenshot (image/png) ──────────────────────────────────────────────────────────
    test-results\auth-registration-proxy-Sa-2255d-1-errors-after-registration-chromium\test-failed-1.png
    ────────────────────────────────────────────────────────────────────────────────────────────────

    attachment #2: video (video/webm) ──────────────────────────────────────────────────────────────
    test-results\auth-registration-proxy-Sa-2255d-1-errors-after-registration-chromium\video.webm
    ────────────────────────────────────────────────────────────────────────────────────────────────

    Error Context: test-results\auth-registration-proxy-Sa-2255d-1-errors-after-registration-chromium\error-context.md

  56) [chromium] › tests\e2e\auth-registration-proxy.spec.ts:87:7 › Same-Origin Authentication via Proxy › T015: should maintain auth after page refresh on dashboard 

    [31mTest timeout of 30000ms exceeded.[39m

    Error: page.fill: Test timeout of 30000ms exceeded.
    Call log:
    [2m  - waiting for locator('input[name="email"]')[22m


      88 |     // Register and login
      89 |     await page.goto(`${PROXY_URL}/register`);
    > 90 |     await page.fill('input[name="email"]', `${TEST_USER.email}-refresh`);
         |                ^
      91 |     await page.fill('input[name="password"]', TEST_USER.password);
      92 |     await page.fill('input[name="name"]', TEST_USER.name);
      93 |     await page.click('button[type="submit"]');
        at C:\Users\benja\projects\medio\tests\e2e\auth-registration-proxy.spec.ts:90:16

    attachment #1: screenshot (image/png) ──────────────────────────────────────────────────────────
    test-results\auth-registration-proxy-Sa-2b4e5-r-page-refresh-on-dashboard-chromium\test-failed-1.png
    ────────────────────────────────────────────────────────────────────────────────────────────────

    attachment #2: video (video/webm) ──────────────────────────────────────────────────────────────
    test-results\auth-registration-proxy-Sa-2b4e5-r-page-refresh-on-dashboard-chromium\video.webm
    ────────────────────────────────────────────────────────────────────────────────────────────────

    Error Context: test-results\auth-registration-proxy-Sa-2b4e5-r-page-refresh-on-dashboard-chromium\error-context.md

  57) [chromium] › tests\e2e\auth-registration-proxy.spec.ts:114:7 › Same-Origin Authentication via Proxy › T016: should make authenticated API call immediately after login 

    [31mTest timeout of 30000ms exceeded.[39m

    Error: page.fill: Test timeout of 30000ms exceeded.
    Call log:
    [2m  - waiting for locator('input[name="email"]')[22m


      115 |     // Register user
      116 |     await page.goto(`${PROXY_URL}/register`);
    > 117 |     await page.fill('input[name="email"]', `${TEST_USER.email}-api`);
          |                ^
      118 |     await page.fill('input[name="password"]', TEST_USER.password);
      119 |     await page.fill('input[name="name"]', TEST_USER.name);
      120 |
        at C:\Users\benja\projects\medio\tests\e2e\auth-registration-proxy.spec.ts:117:16

    attachment #1: screenshot (image/png) ──────────────────────────────────────────────────────────
    test-results\auth-registration-proxy-Sa-cfe3a-all-immediately-after-login-chromium\test-failed-1.png
    ────────────────────────────────────────────────────────────────────────────────────────────────

    attachment #2: video (video/webm) ──────────────────────────────────────────────────────────────
    test-results\auth-registration-proxy-Sa-cfe3a-all-immediately-after-login-chromium\video.webm
    ────────────────────────────────────────────────────────────────────────────────────────────────

    Error Context: test-results\auth-registration-proxy-Sa-cfe3a-all-immediately-after-login-chromium\error-context.md

  58) [chromium] › tests\e2e\auth-registration-proxy.spec.ts:148:7 › Same-Origin Authentication via Proxy › T017: should verify cookies are sent with proxy requests 

    [31mTest timeout of 30000ms exceeded.[39m

    Error: page.fill: Test timeout of 30000ms exceeded.
    Call log:
    [2m  - waiting for locator('input[name="email"]')[22m


      149 |     // Register user
      150 |     await page.goto(`${PROXY_URL}/register`);
    > 151 |     await page.fill('input[name="email"]', `${TEST_USER.email}-cookies`);
          |                ^
      152 |     await page.fill('input[name="password"]', TEST_USER.password);
      153 |     await page.fill('input[name="name"]', TEST_USER.name);
      154 |     await page.click('button[type="submit"]');
        at C:\Users\benja\projects\medio\tests\e2e\auth-registration-proxy.spec.ts:151:16

    attachment #1: screenshot (image/png) ──────────────────────────────────────────────────────────
    test-results\auth-registration-proxy-Sa-19a09-re-sent-with-proxy-requests-chromium\test-failed-1.png
    ────────────────────────────────────────────────────────────────────────────────────────────────

    attachment #2: video (video/webm) ──────────────────────────────────────────────────────────────
    test-results\auth-registration-proxy-Sa-19a09-re-sent-with-proxy-requests-chromium\video.webm
    ────────────────────────────────────────────────────────────────────────────────────────────────

    Error Context: test-results\auth-registration-proxy-Sa-19a09-re-sent-with-proxy-requests-chromium\error-context.md

  59) [chromium] › tests\e2e\auth-registration-proxy.spec.ts:192:7 › Same-Origin Authentication via Proxy › T018: Comprehensive proxy flow - registration to navigation 

    [31mTest timeout of 30000ms exceeded.[39m

    Error: page.fill: Test timeout of 30000ms exceeded.
    Call log:
    [2m  - waiting for locator('input[name="email"]')[22m


      196 |     // 1. Register
      197 |     await page.goto(`${PROXY_URL}/register`);
    > 198 |     await page.fill('input[name="email"]', testEmail);
          |                ^
      199 |     await page.fill('input[name="password"]', TEST_USER.password);
      200 |     await page.fill('input[name="name"]', TEST_USER.name);
      201 |     await page.click('button[type="submit"]');
        at C:\Users\benja\projects\medio\tests\e2e\auth-registration-proxy.spec.ts:198:16

    attachment #1: screenshot (image/png) ──────────────────────────────────────────────────────────
    test-results\auth-registration-proxy-Sa-6d433--registration-to-navigation-chromium\test-failed-1.png
    ────────────────────────────────────────────────────────────────────────────────────────────────

    attachment #2: video (video/webm) ──────────────────────────────────────────────────────────────
    test-results\auth-registration-proxy-Sa-6d433--registration-to-navigation-chromium\video.webm
    ────────────────────────────────────────────────────────────────────────────────────────────────

    Error Context: test-results\auth-registration-proxy-Sa-6d433--registration-to-navigation-chromium\error-context.md

  60) [chromium] › tests\e2e\complete-workflow.spec.ts:144:9 › Complete User Workflow - Local Environment › 1. Complete User Registration Flow › should register new user with valid credentials and auto-login 

    Error: page.goto: net::ERR_CONNECTION_REFUSED at http://localhost:3000/register
    Call log:
    [2m  - navigating to "http://localhost:3000/register", waiting until "load"[22m


      148 |
      149 |       // Navigate directly to register page
    > 150 |       await page.goto(`${env.baseUrl}/register`);
          |                  ^
      151 |       await page.waitForLoadState('domcontentloaded');
      152 |       await removeWebpackOverlay(page);
      153 |
        at C:\Users\benja\projects\medio\tests\e2e\complete-workflow.spec.ts:150:18

    attachment #1: screenshot (image/png) ──────────────────────────────────────────────────────────
    test-results\complete-workflow-Complete-5a074--credentials-and-auto-login-chromium\test-failed-1.png
    ────────────────────────────────────────────────────────────────────────────────────────────────

    attachment #2: video (video/webm) ──────────────────────────────────────────────────────────────
    test-results\complete-workflow-Complete-5a074--credentials-and-auto-login-chromium\video.webm
    ────────────────────────────────────────────────────────────────────────────────────────────────

  61) [chromium] › tests\e2e\complete-workflow.spec.ts:186:9 › Complete User Workflow - Local Environment › 1. Complete User Registration Flow › should maintain authentication after page refresh 

    Error: page.goto: net::ERR_CONNECTION_REFUSED at http://localhost:3000/register
    Call log:
    [2m  - navigating to "http://localhost:3000/register", waiting until "load"[22m


      190 |
      191 |       // Register
    > 192 |       await page.goto(`${env.baseUrl}/register`);
          |                  ^
      193 |       await page.waitForLoadState('domcontentloaded');
      194 |       await removeWebpackOverlay(page);
      195 |
        at C:\Users\benja\projects\medio\tests\e2e\complete-workflow.spec.ts:192:18

    attachment #1: screenshot (image/png) ──────────────────────────────────────────────────────────
    test-results\complete-workflow-Complete-2afed-tication-after-page-refresh-chromium\test-failed-1.png
    ────────────────────────────────────────────────────────────────────────────────────────────────

    attachment #2: video (video/webm) ──────────────────────────────────────────────────────────────
    test-results\complete-workflow-Complete-2afed-tication-after-page-refresh-chromium\video.webm
    ────────────────────────────────────────────────────────────────────────────────────────────────

  62) [chromium] › tests\e2e\complete-workflow.spec.ts:222:9 › Complete User Workflow - Local Environment › 2. Complete Login Flow › should login with existing test user and redirect to dashboard 

    Error: page.goto: net::ERR_CONNECTION_REFUSED at http://localhost:3000/login
    Call log:
    [2m  - navigating to "http://localhost:3000/login", waiting until "load"[22m


      224 |
      225 |       // Navigate to login page
    > 226 |       await page.goto(`${env.baseUrl}/login`);
          |                  ^
      227 |       await page.waitForLoadState('domcontentloaded');
      228 |       await removeWebpackOverlay(page);
      229 |
        at C:\Users\benja\projects\medio\tests\e2e\complete-workflow.spec.ts:226:18

    attachment #1: screenshot (image/png) ──────────────────────────────────────────────────────────
    test-results\complete-workflow-Complete-8c4a7-r-and-redirect-to-dashboard-chromium\test-failed-1.png
    ────────────────────────────────────────────────────────────────────────────────────────────────

    attachment #2: video (video/webm) ──────────────────────────────────────────────────────────────
    test-results\complete-workflow-Complete-8c4a7-r-and-redirect-to-dashboard-chromium\video.webm
    ────────────────────────────────────────────────────────────────────────────────────────────────

  63) [chromium] › tests\e2e\complete-workflow.spec.ts:260:9 › Complete User Workflow - Local Environment › 2. Complete Login Flow › should show error for invalid credentials 

    Error: page.goto: net::ERR_CONNECTION_REFUSED at http://localhost:3000/login
    Call log:
    [2m  - navigating to "http://localhost:3000/login", waiting until "load"[22m


      259 |
      260 |     test('should show error for invalid credentials', async ({ page }) => {
    > 261 |       await page.goto(`${env.baseUrl}/login`);
          |                  ^
      262 |       await page.waitForLoadState('domcontentloaded');
      263 |       await removeWebpackOverlay(page);
      264 |
        at C:\Users\benja\projects\medio\tests\e2e\complete-workflow.spec.ts:261:18

    attachment #1: screenshot (image/png) ──────────────────────────────────────────────────────────
    test-results\complete-workflow-Complete-044d9-ror-for-invalid-credentials-chromium\test-failed-1.png
    ────────────────────────────────────────────────────────────────────────────────────────────────

    attachment #2: video (video/webm) ──────────────────────────────────────────────────────────────
    test-results\complete-workflow-Complete-044d9-ror-for-invalid-credentials-chromium\video.webm
    ────────────────────────────────────────────────────────────────────────────────────────────────

  64) [chromium] › tests\e2e\complete-workflow.spec.ts:299:9 › Complete User Workflow - Local Environment › 3. Complete Add YouTube Video Flow › should add YouTube video with auto-filled metadata 

    Error: page.goto: net::ERR_CONNECTION_REFUSED at http://localhost:3000/login
    Call log:
    [2m  - navigating to "http://localhost:3000/login", waiting until "load"[22m


      284 |     test.beforeEach(async ({ page }) => {
      285 |       // Login before each test
    > 286 |       await page.goto(`${env.baseUrl}/login`);
          |                  ^
      287 |       await page.waitForLoadState('domcontentloaded');
      288 |       await removeWebpackOverlay(page);
      289 |
        at C:\Users\benja\projects\medio\tests\e2e\complete-workflow.spec.ts:286:18

    attachment #1: screenshot (image/png) ──────────────────────────────────────────────────────────
    test-results\complete-workflow-Complete-ed42e-o-with-auto-filled-metadata-chromium\test-failed-1.png
    ────────────────────────────────────────────────────────────────────────────────────────────────

    attachment #2: video (video/webm) ──────────────────────────────────────────────────────────────
    test-results\complete-workflow-Complete-ed42e-o-with-auto-filled-metadata-chromium\video.webm
    ────────────────────────────────────────────────────────────────────────────────────────────────

  65) [chromium] › tests\e2e\complete-workflow.spec.ts:363:9 › Complete User Workflow - Local Environment › 3. Complete Add YouTube Video Flow › should show loading state while fetching metadata 

    Error: page.goto: net::ERR_CONNECTION_REFUSED at http://localhost:3000/login
    Call log:
    [2m  - navigating to "http://localhost:3000/login", waiting until "load"[22m


      284 |     test.beforeEach(async ({ page }) => {
      285 |       // Login before each test
    > 286 |       await page.goto(`${env.baseUrl}/login`);
          |                  ^
      287 |       await page.waitForLoadState('domcontentloaded');
      288 |       await removeWebpackOverlay(page);
      289 |
        at C:\Users\benja\projects\medio\tests\e2e\complete-workflow.spec.ts:286:18

    attachment #1: screenshot (image/png) ──────────────────────────────────────────────────────────
    test-results\complete-workflow-Complete-bea23-ate-while-fetching-metadata-chromium\test-failed-1.png
    ────────────────────────────────────────────────────────────────────────────────────────────────

    attachment #2: video (video/webm) ──────────────────────────────────────────────────────────────
    test-results\complete-workflow-Complete-bea23-ate-while-fetching-metadata-chromium\video.webm
    ────────────────────────────────────────────────────────────────────────────────────────────────

  66) [chromium] › tests\e2e\complete-workflow.spec.ts:382:9 › Complete User Workflow - Local Environment › 4. Token Refresh Flow › should verify token refresh mechanism is configured 

    Error: page.goto: net::ERR_CONNECTION_REFUSED at http://localhost:3000/login
    Call log:
    [2m  - navigating to "http://localhost:3000/login", waiting until "load"[22m


      384 |
      385 |       // Login
    > 386 |       await page.goto(`${env.baseUrl}/login`);
          |                  ^
      387 |       await page.waitForLoadState('domcontentloaded');
      388 |       await removeWebpackOverlay(page);
      389 |
        at C:\Users\benja\projects\medio\tests\e2e\complete-workflow.spec.ts:386:18

    attachment #1: screenshot (image/png) ──────────────────────────────────────────────────────────
    test-results\complete-workflow-Complete-49f9e-esh-mechanism-is-configured-chromium\test-failed-1.png
    ────────────────────────────────────────────────────────────────────────────────────────────────

    attachment #2: video (video/webm) ──────────────────────────────────────────────────────────────
    test-results\complete-workflow-Complete-49f9e-esh-mechanism-is-configured-chromium\video.webm
    ────────────────────────────────────────────────────────────────────────────────────────────────

  67) [chromium] › tests\e2e\complete-workflow.spec.ts:428:9 › Complete User Workflow - Local Environment › 5. Error Handling Scenarios › should show error for invalid video URL 

    Error: page.goto: net::ERR_CONNECTION_REFUSED at http://localhost:3000/login
    Call log:
    [2m  - navigating to "http://localhost:3000/login", waiting until "load"[22m


      413 |     test.beforeEach(async ({ page }) => {
      414 |       // Login before each test
    > 415 |       await page.goto(`${env.baseUrl}/login`);
          |                  ^
      416 |       await page.waitForLoadState('domcontentloaded');
      417 |       await removeWebpackOverlay(page);
      418 |
        at C:\Users\benja\projects\medio\tests\e2e\complete-workflow.spec.ts:415:18

    attachment #1: screenshot (image/png) ──────────────────────────────────────────────────────────
    test-results\complete-workflow-Complete-7fc88-error-for-invalid-video-URL-chromium\test-failed-1.png
    ────────────────────────────────────────────────────────────────────────────────────────────────

    attachment #2: video (video/webm) ──────────────────────────────────────────────────────────────
    test-results\complete-workflow-Complete-7fc88-error-for-invalid-video-URL-chromium\video.webm
    ────────────────────────────────────────────────────────────────────────────────────────────────

  68) [chromium] › tests\e2e\complete-workflow.spec.ts:450:9 › Complete User Workflow - Local Environment › 5. Error Handling Scenarios › should enable manual entry fallback when API fails 

    Error: page.goto: net::ERR_CONNECTION_REFUSED at http://localhost:3000/login
    Call log:
    [2m  - navigating to "http://localhost:3000/login", waiting until "load"[22m


      413 |     test.beforeEach(async ({ page }) => {
      414 |       // Login before each test
    > 415 |       await page.goto(`${env.baseUrl}/login`);
          |                  ^
      416 |       await page.waitForLoadState('domcontentloaded');
      417 |       await removeWebpackOverlay(page);
      418 |
        at C:\Users\benja\projects\medio\tests\e2e\complete-workflow.spec.ts:415:18

    attachment #1: screenshot (image/png) ──────────────────────────────────────────────────────────
    test-results\complete-workflow-Complete-07b7e-try-fallback-when-API-fails-chromium\test-failed-1.png
    ────────────────────────────────────────────────────────────────────────────────────────────────

    attachment #2: video (video/webm) ──────────────────────────────────────────────────────────────
    test-results\complete-workflow-Complete-07b7e-try-fallback-when-API-fails-chromium\video.webm
    ────────────────────────────────────────────────────────────────────────────────────────────────

  69) [chromium] › tests\e2e\critical-flows.spec.ts:10:9 › Critical User Flows › Parent Registration and Setup Flow › should complete full parent onboarding 

    Error: page.goto: net::ERR_CONNECTION_REFUSED at http://localhost:3000/
    Call log:
    [2m  - navigating to "http://localhost:3000/", waiting until "load"[22m


      4 |   test.beforeEach(async ({ page }) => {
      5 |     // Set up test environment
    > 6 |     await page.goto('http://localhost:3000');
        |                ^
      7 |   });
      8 |
      9 |   test.describe('Parent Registration and Setup Flow', () => {
        at C:\Users\benja\projects\medio\tests\e2e\critical-flows.spec.ts:6:16

    attachment #1: screenshot (image/png) ──────────────────────────────────────────────────────────
    test-results\critical-flows-Critical-Us-fbb0e-lete-full-parent-onboarding-chromium\test-failed-1.png
    ────────────────────────────────────────────────────────────────────────────────────────────────

    attachment #2: video (video/webm) ──────────────────────────────────────────────────────────────
    test-results\critical-flows-Critical-Us-fbb0e-lete-full-parent-onboarding-chromium\video.webm
    ────────────────────────────────────────────────────────────────────────────────────────────────

  70) [chromium] › tests\e2e\critical-flows.spec.ts:51:9 › Critical User Flows › Kids Mode Activation Flow › should activate kids mode with NFC chip 

    Error: page.goto: net::ERR_CONNECTION_REFUSED at http://localhost:3000/
    Call log:
    [2m  - navigating to "http://localhost:3000/", waiting until "load"[22m


      4 |   test.beforeEach(async ({ page }) => {
      5 |     // Set up test environment
    > 6 |     await page.goto('http://localhost:3000');
        |                ^
      7 |   });
      8 |
      9 |   test.describe('Parent Registration and Setup Flow', () => {
        at C:\Users\benja\projects\medio\tests\e2e\critical-flows.spec.ts:6:16

    attachment #1: screenshot (image/png) ──────────────────────────────────────────────────────────
    test-results\critical-flows-Critical-Us-5d7e6-ate-kids-mode-with-NFC-chip-chromium\test-failed-1.png
    ────────────────────────────────────────────────────────────────────────────────────────────────

    attachment #2: video (video/webm) ──────────────────────────────────────────────────────────────
    test-results\critical-flows-Critical-Us-5d7e6-ate-kids-mode-with-NFC-chip-chromium\video.webm
    ────────────────────────────────────────────────────────────────────────────────────────────────

  71) [chromium] › tests\e2e\critical-flows.spec.ts:73:9 › Critical User Flows › Kids Mode Activation Flow › should enforce time limits in kids mode 

    Error: page.goto: net::ERR_CONNECTION_REFUSED at http://localhost:3000/
    Call log:
    [2m  - navigating to "http://localhost:3000/", waiting until "load"[22m


      4 |   test.beforeEach(async ({ page }) => {
      5 |     // Set up test environment
    > 6 |     await page.goto('http://localhost:3000');
        |                ^
      7 |   });
      8 |
      9 |   test.describe('Parent Registration and Setup Flow', () => {
        at C:\Users\benja\projects\medio\tests\e2e\critical-flows.spec.ts:6:16

    attachment #1: screenshot (image/png) ──────────────────────────────────────────────────────────
    test-results\critical-flows-Critical-Us-cdd09-ce-time-limits-in-kids-mode-chromium\test-failed-1.png
    ────────────────────────────────────────────────────────────────────────────────────────────────

    attachment #2: video (video/webm) ──────────────────────────────────────────────────────────────
    test-results\critical-flows-Critical-Us-cdd09-ce-time-limits-in-kids-mode-chromium\video.webm
    ────────────────────────────────────────────────────────────────────────────────────────────────

  72) [chromium] › tests\e2e\critical-flows.spec.ts:105:9 › Critical User Flows › Video Management Flow › should upload and organize videos 

    Error: page.goto: net::ERR_CONNECTION_REFUSED at http://localhost:3000/
    Call log:
    [2m  - navigating to "http://localhost:3000/", waiting until "load"[22m


      4 |   test.beforeEach(async ({ page }) => {
      5 |     // Set up test environment
    > 6 |     await page.goto('http://localhost:3000');
        |                ^
      7 |   });
      8 |
      9 |   test.describe('Parent Registration and Setup Flow', () => {
        at C:\Users\benja\projects\medio\tests\e2e\critical-flows.spec.ts:6:16

    attachment #1: screenshot (image/png) ──────────────────────────────────────────────────────────
    test-results\critical-flows-Critical-Us-bf246--upload-and-organize-videos-chromium\test-failed-1.png
    ────────────────────────────────────────────────────────────────────────────────────────────────

    attachment #2: video (video/webm) ──────────────────────────────────────────────────────────────
    test-results\critical-flows-Critical-Us-bf246--upload-and-organize-videos-chromium\video.webm
    ────────────────────────────────────────────────────────────────────────────────────────────────

  73) [chromium] › tests\e2e\critical-flows.spec.ts:146:9 › Critical User Flows › Session Tracking Flow › should track watch sessions accurately 

    Error: page.goto: net::ERR_CONNECTION_REFUSED at http://localhost:3000/
    Call log:
    [2m  - navigating to "http://localhost:3000/", waiting until "load"[22m


      4 |   test.beforeEach(async ({ page }) => {
      5 |     // Set up test environment
    > 6 |     await page.goto('http://localhost:3000');
        |                ^
      7 |   });
      8 |
      9 |   test.describe('Parent Registration and Setup Flow', () => {
        at C:\Users\benja\projects\medio\tests\e2e\critical-flows.spec.ts:6:16

    attachment #1: screenshot (image/png) ──────────────────────────────────────────────────────────
    test-results\critical-flows-Critical-Us-c698d-k-watch-sessions-accurately-chromium\test-failed-1.png
    ────────────────────────────────────────────────────────────────────────────────────────────────

    attachment #2: video (video/webm) ──────────────────────────────────────────────────────────────
    test-results\critical-flows-Critical-Us-c698d-k-watch-sessions-accurately-chromium\video.webm
    ────────────────────────────────────────────────────────────────────────────────────────────────

  74) [chromium] › tests\e2e\critical-flows.spec.ts:175:9 › Critical User Flows › Profile Switching Flow › should switch between multiple child profiles 

    Error: page.goto: net::ERR_CONNECTION_REFUSED at http://localhost:3000/
    Call log:
    [2m  - navigating to "http://localhost:3000/", waiting until "load"[22m


      4 |   test.beforeEach(async ({ page }) => {
      5 |     // Set up test environment
    > 6 |     await page.goto('http://localhost:3000');
        |                ^
      7 |   });
      8 |
      9 |   test.describe('Parent Registration and Setup Flow', () => {
        at C:\Users\benja\projects\medio\tests\e2e\critical-flows.spec.ts:6:16

    attachment #1: screenshot (image/png) ──────────────────────────────────────────────────────────
    test-results\critical-flows-Critical-Us-4950a-een-multiple-child-profiles-chromium\test-failed-1.png
    ────────────────────────────────────────────────────────────────────────────────────────────────

    attachment #2: video (video/webm) ──────────────────────────────────────────────────────────────
    test-results\critical-flows-Critical-Us-4950a-een-multiple-child-profiles-chromium\video.webm
    ────────────────────────────────────────────────────────────────────────────────────────────────

  75) [chromium] › tests\e2e\critical-flows.spec.ts:208:9 › Critical User Flows › Security and Privacy Flow › should enforce authentication on protected routes 

    Error: page.goto: net::ERR_CONNECTION_REFUSED at http://localhost:3000/
    Call log:
    [2m  - navigating to "http://localhost:3000/", waiting until "load"[22m


      4 |   test.beforeEach(async ({ page }) => {
      5 |     // Set up test environment
    > 6 |     await page.goto('http://localhost:3000');
        |                ^
      7 |   });
      8 |
      9 |   test.describe('Parent Registration and Setup Flow', () => {
        at C:\Users\benja\projects\medio\tests\e2e\critical-flows.spec.ts:6:16

    attachment #1: screenshot (image/png) ──────────────────────────────────────────────────────────
    test-results\critical-flows-Critical-Us-31130-ication-on-protected-routes-chromium\test-failed-1.png
    ────────────────────────────────────────────────────────────────────────────────────────────────

    attachment #2: video (video/webm) ──────────────────────────────────────────────────────────────
    test-results\critical-flows-Critical-Us-31130-ication-on-protected-routes-chromium\video.webm
    ────────────────────────────────────────────────────────────────────────────────────────────────

  76) [chromium] › tests\e2e\critical-flows.spec.ts:217:9 › Critical User Flows › Security and Privacy Flow › should handle session expiry gracefully 

    Error: page.goto: net::ERR_CONNECTION_REFUSED at http://localhost:3000/
    Call log:
    [2m  - navigating to "http://localhost:3000/", waiting until "load"[22m


      4 |   test.beforeEach(async ({ page }) => {
      5 |     // Set up test environment
    > 6 |     await page.goto('http://localhost:3000');
        |                ^
      7 |   });
      8 |
      9 |   test.describe('Parent Registration and Setup Flow', () => {
        at C:\Users\benja\projects\medio\tests\e2e\critical-flows.spec.ts:6:16

    attachment #1: screenshot (image/png) ──────────────────────────────────────────────────────────
    test-results\critical-flows-Critical-Us-9969e-e-session-expiry-gracefully-chromium\test-failed-1.png
    ────────────────────────────────────────────────────────────────────────────────────────────────

    attachment #2: video (video/webm) ──────────────────────────────────────────────────────────────
    test-results\critical-flows-Critical-Us-9969e-e-session-expiry-gracefully-chromium\video.webm
    ────────────────────────────────────────────────────────────────────────────────────────────────

  77) [chromium] › tests\e2e\critical-flows.spec.ts:237:9 › Critical User Flows › Security and Privacy Flow › should validate input and prevent XSS 

    Error: page.goto: net::ERR_CONNECTION_REFUSED at http://localhost:3000/
    Call log:
    [2m  - navigating to "http://localhost:3000/", waiting until "load"[22m


      4 |   test.beforeEach(async ({ page }) => {
      5 |     // Set up test environment
    > 6 |     await page.goto('http://localhost:3000');
        |                ^
      7 |   });
      8 |
      9 |   test.describe('Parent Registration and Setup Flow', () => {
        at C:\Users\benja\projects\medio\tests\e2e\critical-flows.spec.ts:6:16

    attachment #1: screenshot (image/png) ──────────────────────────────────────────────────────────
    test-results\critical-flows-Critical-Us-d150c-idate-input-and-prevent-XSS-chromium\test-failed-1.png
    ────────────────────────────────────────────────────────────────────────────────────────────────

    attachment #2: video (video/webm) ──────────────────────────────────────────────────────────────
    test-results\critical-flows-Critical-Us-d150c-idate-input-and-prevent-XSS-chromium\video.webm
    ────────────────────────────────────────────────────────────────────────────────────────────────

  78) [chromium] › tests\e2e\critical-flows.spec.ts:261:9 › Critical User Flows › Error Recovery Flow › should handle network errors gracefully 

    Error: page.goto: net::ERR_CONNECTION_REFUSED at http://localhost:3000/
    Call log:
    [2m  - navigating to "http://localhost:3000/", waiting until "load"[22m


      4 |   test.beforeEach(async ({ page }) => {
      5 |     // Set up test environment
    > 6 |     await page.goto('http://localhost:3000');
        |                ^
      7 |   });
      8 |
      9 |   test.describe('Parent Registration and Setup Flow', () => {
        at C:\Users\benja\projects\medio\tests\e2e\critical-flows.spec.ts:6:16

    attachment #1: screenshot (image/png) ──────────────────────────────────────────────────────────
    test-results\critical-flows-Critical-Us-350f0-e-network-errors-gracefully-chromium\test-failed-1.png
    ────────────────────────────────────────────────────────────────────────────────────────────────

    attachment #2: video (video/webm) ──────────────────────────────────────────────────────────────
    test-results\critical-flows-Critical-Us-350f0-e-network-errors-gracefully-chromium\video.webm
    ────────────────────────────────────────────────────────────────────────────────────────────────

  79) [chromium] › tests\e2e\critical-flows.spec.ts:287:9 › Critical User Flows › Error Recovery Flow › should handle database errors gracefully 

    Error: page.goto: net::ERR_CONNECTION_REFUSED at http://localhost:3000/
    Call log:
    [2m  - navigating to "http://localhost:3000/", waiting until "load"[22m


      4 |   test.beforeEach(async ({ page }) => {
      5 |     // Set up test environment
    > 6 |     await page.goto('http://localhost:3000');
        |                ^
      7 |   });
      8 |
      9 |   test.describe('Parent Registration and Setup Flow', () => {
        at C:\Users\benja\projects\medio\tests\e2e\critical-flows.spec.ts:6:16

    attachment #1: screenshot (image/png) ──────────────────────────────────────────────────────────
    test-results\critical-flows-Critical-Us-4b24d--database-errors-gracefully-chromium\test-failed-1.png
    ────────────────────────────────────────────────────────────────────────────────────────────────

    attachment #2: video (video/webm) ──────────────────────────────────────────────────────────────
    test-results\critical-flows-Critical-Us-4b24d--database-errors-gracefully-chromium\video.webm
    ────────────────────────────────────────────────────────────────────────────────────────────────

  80) [chromium] › tests\e2e\medio.spec.ts:30:7 › Medio Video Platform › should navigate to register page 

    [31mTest timeout of 30000ms exceeded.[39m

    Error: page.click: Test timeout of 30000ms exceeded.
    Call log:
    [2m  - waiting for locator('text=Register')[22m


      30 |   test('should navigate to register page', async ({ page }) => {
      31 |     // Click register link
    > 32 |     await page.click('text=Register');
         |                ^
      33 |     
      34 |     // Verify we're on the register page
      35 |     await expect(page).toHaveURL(/.*\/register/);
        at C:\Users\benja\projects\medio\tests\e2e\medio.spec.ts:32:16

    attachment #1: screenshot (image/png) ──────────────────────────────────────────────────────────
    test-results\medio-Medio-Video-Platform-should-navigate-to-register-page-chromium\test-failed-1.png
    ────────────────────────────────────────────────────────────────────────────────────────────────

    attachment #2: video (video/webm) ──────────────────────────────────────────────────────────────
    test-results\medio-Medio-Video-Platform-should-navigate-to-register-page-chromium\video.webm
    ────────────────────────────────────────────────────────────────────────────────────────────────

    Error Context: test-results\medio-Medio-Video-Platform-should-navigate-to-register-page-chromium\error-context.md

  81) [chromium] › tests\e2e\medio.spec.ts:58:7 › Medio Video Platform › should handle authentication flow 

    [31mTest timeout of 30000ms exceeded.[39m

    Error: page.fill: Test timeout of 30000ms exceeded.
    Call log:
    [2m  - waiting for locator('input[name="confirmPassword"]')[22m


      66 |     await page.fill('input[type="email"]', testEmail);
      67 |     await page.fill('input[type="password"]', testPassword);
    > 68 |     await page.fill('input[name="confirmPassword"]', testPassword);
         |                ^
      69 |     
      70 |     // Submit form
      71 |     await page.click('button[type="submit"]');
        at C:\Users\benja\projects\medio\tests\e2e\medio.spec.ts:68:16

    attachment #1: screenshot (image/png) ──────────────────────────────────────────────────────────
    test-results\medio-Medio-Video-Platform-should-handle-authentication-flow-chromium\test-failed-1.png
    ────────────────────────────────────────────────────────────────────────────────────────────────

    attachment #2: video (video/webm) ──────────────────────────────────────────────────────────────
    test-results\medio-Medio-Video-Platform-should-handle-authentication-flow-chromium\video.webm
    ────────────────────────────────────────────────────────────────────────────────────────────────

    Error Context: test-results\medio-Medio-Video-Platform-should-handle-authentication-flow-chromium\error-context.md

  82) [chromium] › tests\e2e\medio.spec.ts:123:7 › Medio Video Platform › should check API health endpoint 

    Error: [2mexpect([22m[31mreceived[39m[2m).[22mtoBeTruthy[2m()[22m

    Received: [31mfalse[39m

      126 |     
      127 |     // Check response
    > 128 |     expect(response.ok()).toBeTruthy();
          |                           ^
      129 |     
      130 |     const data = await response.json();
      131 |     expect(data).toHaveProperty('status', 'healthy');
        at C:\Users\benja\projects\medio\tests\e2e\medio.spec.ts:128:27

    attachment #1: screenshot (image/png) ──────────────────────────────────────────────────────────
    test-results\medio-Medio-Video-Platform-should-check-API-health-endpoint-chromium\test-failed-1.png
    ────────────────────────────────────────────────────────────────────────────────────────────────

    attachment #2: video (video/webm) ──────────────────────────────────────────────────────────────
    test-results\medio-Medio-Video-Platform-should-check-API-health-endpoint-chromium\video.webm
    ────────────────────────────────────────────────────────────────────────────────────────────────

    Error Context: test-results\medio-Medio-Video-Platform-should-check-API-health-endpoint-chromium\error-context.md

  83) [chromium] › tests\e2e\medio.spec.ts:135:7 › Medio Video Platform › should validate cookie security headers 

    Error: [2mexpect([22m[31mreceived[39m[2m).[22mtoHaveProperty[2m([22m[32mpath[39m[2m)[22m

    Expected path: [32m"x-content-type-options"[39m
    Received path: [31m[][39m

    Received value: [31m{"accept-ranges": "bytes", "cache-control": "public, max-age=0", "connection": "keep-alive", "content-length": "682", "content-type": "text/html; charset=UTF-8", "date": "Tue, 21 Oct 2025 09:11:52 GMT", "etag": "W/\"2aa-19a05c52b69\"", "keep-alive": "timeout=5", "last-modified": "Tue, 21 Oct 2025 07:56:39 GMT", "x-powered-by": "Express"}[39m

      143 |       if (headers['x-powered-by'] === 'Express') {
      144 |         // These headers should be set by Helmet
    > 145 |         expect(headers).toHaveProperty('x-content-type-options');
          |                         ^
      146 |         expect(headers).toHaveProperty('x-frame-options');
      147 |       }
      148 |     }
        at C:\Users\benja\projects\medio\tests\e2e\medio.spec.ts:145:25

    attachment #1: screenshot (image/png) ──────────────────────────────────────────────────────────
    test-results\medio-Medio-Video-Platform-0c2a8-ate-cookie-security-headers-chromium\test-failed-1.png
    ────────────────────────────────────────────────────────────────────────────────────────────────

    attachment #2: video (video/webm) ──────────────────────────────────────────────────────────────
    test-results\medio-Medio-Video-Platform-0c2a8-ate-cookie-security-headers-chromium\video.webm
    ────────────────────────────────────────────────────────────────────────────────────────────────

    Error Context: test-results\medio-Medio-Video-Platform-0c2a8-ate-cookie-security-headers-chromium\error-context.md

  84) [chromium] › tests\e2e\nfc-chip-registration.spec.js:134:3 › NFC Chip Registration E2E Tests › T068: Complete manual registration workflow 

    Error: page.goto: net::ERR_CONNECTION_REFUSED at http://localhost:3000/nfc-chips
    Call log:
    [2m  - navigating to "http://localhost:3000/nfc-chips", waiting until "load"[22m


      106 |   } else {
      107 |     // Direct navigation if link not found
    > 108 |     await page.goto(`${FRONTEND_URL}/nfc-chips`);
          |                ^
      109 |   }
      110 |
      111 |   // Wait for page to load
        at navigateToNFCPage (C:\Users\benja\projects\medio\tests\e2e\nfc-chip-registration.spec.js:108:16)
        at C:\Users\benja\projects\medio\tests\e2e\nfc-chip-registration.spec.js:136:5

    attachment #1: screenshot (image/png) ──────────────────────────────────────────────────────────
    test-results\nfc-chip-registration-NFC--91d40-anual-registration-workflow-chromium\test-failed-1.png
    ────────────────────────────────────────────────────────────────────────────────────────────────

    attachment #2: video (video/webm) ──────────────────────────────────────────────────────────────
    test-results\nfc-chip-registration-NFC--91d40-anual-registration-workflow-chromium\video.webm
    ────────────────────────────────────────────────────────────────────────────────────────────────

  85) [chromium] › tests\e2e\nfc-chip-registration.spec.js:178:3 › NFC Chip Registration E2E Tests › T069: Duplicate chip registration blocked 

    Error: page.goto: net::ERR_CONNECTION_REFUSED at http://localhost:3000/nfc-chips
    Call log:
    [2m  - navigating to "http://localhost:3000/nfc-chips", waiting until "load"[22m


      106 |   } else {
      107 |     // Direct navigation if link not found
    > 108 |     await page.goto(`${FRONTEND_URL}/nfc-chips`);
          |                ^
      109 |   }
      110 |
      111 |   // Wait for page to load
        at navigateToNFCPage (C:\Users\benja\projects\medio\tests\e2e\nfc-chip-registration.spec.js:108:16)
        at C:\Users\benja\projects\medio\tests\e2e\nfc-chip-registration.spec.js:182:5

    attachment #1: screenshot (image/png) ──────────────────────────────────────────────────────────
    test-results\nfc-chip-registration-NFC--6a15c-e-chip-registration-blocked-chromium\test-failed-1.png
    ────────────────────────────────────────────────────────────────────────────────────────────────

    attachment #2: video (video/webm) ──────────────────────────────────────────────────────────────
    test-results\nfc-chip-registration-NFC--6a15c-e-chip-registration-blocked-chromium\video.webm
    ────────────────────────────────────────────────────────────────────────────────────────────────

  86) [chromium] › tests\e2e\nfc-chip-registration.spec.js:220:3 › NFC Chip Registration E2E Tests › T070: Cross-user duplicate registration 

    Error: page.goto: net::ERR_CONNECTION_REFUSED at http://localhost:3000/nfc-chips
    Call log:
    [2m  - navigating to "http://localhost:3000/nfc-chips", waiting until "load"[22m


      106 |   } else {
      107 |     // Direct navigation if link not found
    > 108 |     await page.goto(`${FRONTEND_URL}/nfc-chips`);
          |                ^
      109 |   }
      110 |
      111 |   // Wait for page to load
        at navigateToNFCPage (C:\Users\benja\projects\medio\tests\e2e\nfc-chip-registration.spec.js:108:16)
        at C:\Users\benja\projects\medio\tests\e2e\nfc-chip-registration.spec.js:224:5

    attachment #1: screenshot (image/png) ──────────────────────────────────────────────────────────
    test-results\nfc-chip-registration-NFC--d90a0-user-duplicate-registration-chromium\test-failed-1.png
    ────────────────────────────────────────────────────────────────────────────────────────────────

    attachment #2: video (video/webm) ──────────────────────────────────────────────────────────────
    test-results\nfc-chip-registration-NFC--d90a0-user-duplicate-registration-chromium\video.webm
    ────────────────────────────────────────────────────────────────────────────────────────────────

  87) [chromium] › tests\e2e\nfc-chip-registration.spec.js:274:3 › NFC Chip Registration E2E Tests › T071: Invalid chip_uid format rejected 

    Error: page.goto: net::ERR_CONNECTION_REFUSED at http://localhost:3000/nfc-chips
    Call log:
    [2m  - navigating to "http://localhost:3000/nfc-chips", waiting until "load"[22m


      106 |   } else {
      107 |     // Direct navigation if link not found
    > 108 |     await page.goto(`${FRONTEND_URL}/nfc-chips`);
          |                ^
      109 |   }
      110 |
      111 |   // Wait for page to load
        at navigateToNFCPage (C:\Users\benja\projects\medio\tests\e2e\nfc-chip-registration.spec.js:108:16)
        at C:\Users\benja\projects\medio\tests\e2e\nfc-chip-registration.spec.js:275:5

    attachment #1: screenshot (image/png) ──────────────────────────────────────────────────────────
    test-results\nfc-chip-registration-NFC--27aec-id-chip-uid-format-rejected-chromium\test-failed-1.png
    ────────────────────────────────────────────────────────────────────────────────────────────────

    attachment #2: video (video/webm) ──────────────────────────────────────────────────────────────
    test-results\nfc-chip-registration-NFC--27aec-id-chip-uid-format-rejected-chromium\video.webm
    ────────────────────────────────────────────────────────────────────────────────────────────────

  88) [chromium] › tests\e2e\nfc-chip-registration.spec.js:325:3 › NFC Chip Registration E2E Tests › T072: Invalid label rejected 

    Error: page.goto: net::ERR_CONNECTION_REFUSED at http://localhost:3000/nfc-chips
    Call log:
    [2m  - navigating to "http://localhost:3000/nfc-chips", waiting until "load"[22m


      106 |   } else {
      107 |     // Direct navigation if link not found
    > 108 |     await page.goto(`${FRONTEND_URL}/nfc-chips`);
          |                ^
      109 |   }
      110 |
      111 |   // Wait for page to load
        at navigateToNFCPage (C:\Users\benja\projects\medio\tests\e2e\nfc-chip-registration.spec.js:108:16)
        at C:\Users\benja\projects\medio\tests\e2e\nfc-chip-registration.spec.js:326:5

    attachment #1: screenshot (image/png) ──────────────────────────────────────────────────────────
    test-results\nfc-chip-registration-NFC--6e8fd-T072-Invalid-label-rejected-chromium\test-failed-1.png
    ────────────────────────────────────────────────────────────────────────────────────────────────

    attachment #2: video (video/webm) ──────────────────────────────────────────────────────────────
    test-results\nfc-chip-registration-NFC--6e8fd-T072-Invalid-label-rejected-chromium\video.webm
    ────────────────────────────────────────────────────────────────────────────────────────────────

  89) [chromium] › tests\e2e\nfc-chip-registration.spec.js:380:3 › NFC Chip Registration E2E Tests › T073: Maximum chip limit enforcement 

    Error: [2mexpect([22m[31mreceived[39m[2m).[22mtoBe[2m([22m[32mexpected[39m[2m) // Object.is equality[22m

    Expected: [32m20[39m
    Received: [31m0[39m

      391 |     // Verify all 20 succeeded
      392 |     const successCount = responses.filter(r => r.status() === 201).length;
    > 393 |     expect(successCount).toBe(20);
          |                          ^
      394 |
      395 |     // Step 2: Navigate to NFC page and verify all 20 chips visible
      396 |     await navigateToNFCPage(page);
        at C:\Users\benja\projects\medio\tests\e2e\nfc-chip-registration.spec.js:393:26

    attachment #1: screenshot (image/png) ──────────────────────────────────────────────────────────
    test-results\nfc-chip-registration-NFC--71021-imum-chip-limit-enforcement-chromium\test-failed-1.png
    ────────────────────────────────────────────────────────────────────────────────────────────────

    attachment #2: video (video/webm) ──────────────────────────────────────────────────────────────
    test-results\nfc-chip-registration-NFC--71021-imum-chip-limit-enforcement-chromium\video.webm
    ────────────────────────────────────────────────────────────────────────────────────────────────

  90) [chromium] › tests\e2e\nfc-chip-registration.spec.js:446:3 › NFC Chip Registration E2E Tests › T074: NFC scan workflow with mocked NDEFReader 

    Error: page.goto: net::ERR_CONNECTION_REFUSED at http://localhost:3000/nfc-chips
    Call log:
    [2m  - navigating to "http://localhost:3000/nfc-chips", waiting until "load"[22m


      106 |   } else {
      107 |     // Direct navigation if link not found
    > 108 |     await page.goto(`${FRONTEND_URL}/nfc-chips`);
          |                ^
      109 |   }
      110 |
      111 |   // Wait for page to load
        at navigateToNFCPage (C:\Users\benja\projects\medio\tests\e2e\nfc-chip-registration.spec.js:108:16)
        at C:\Users\benja\projects\medio\tests\e2e\nfc-chip-registration.spec.js:447:5

    attachment #1: screenshot (image/png) ──────────────────────────────────────────────────────────
    test-results\nfc-chip-registration-NFC--55d0d-flow-with-mocked-NDEFReader-chromium\test-failed-1.png
    ────────────────────────────────────────────────────────────────────────────────────────────────

    attachment #2: video (video/webm) ──────────────────────────────────────────────────────────────
    test-results\nfc-chip-registration-NFC--55d0d-flow-with-mocked-NDEFReader-chromium\video.webm
    ────────────────────────────────────────────────────────────────────────────────────────────────

  91) [chromium] › tests\e2e\nfc-chip-registration.spec.js:540:3 › NFC Chip Registration E2E Tests › T075: Chip deletion with confirmation 

    Error: page.goto: net::ERR_CONNECTION_REFUSED at http://localhost:3000/nfc-chips
    Call log:
    [2m  - navigating to "http://localhost:3000/nfc-chips", waiting until "load"[22m


      106 |   } else {
      107 |     // Direct navigation if link not found
    > 108 |     await page.goto(`${FRONTEND_URL}/nfc-chips`);
          |                ^
      109 |   }
      110 |
      111 |   // Wait for page to load
        at navigateToNFCPage (C:\Users\benja\projects\medio\tests\e2e\nfc-chip-registration.spec.js:108:16)
        at C:\Users\benja\projects\medio\tests\e2e\nfc-chip-registration.spec.js:542:5

    attachment #1: screenshot (image/png) ──────────────────────────────────────────────────────────
    test-results\nfc-chip-registration-NFC--1e597--deletion-with-confirmation-chromium\test-failed-1.png
    ────────────────────────────────────────────────────────────────────────────────────────────────

    attachment #2: video (video/webm) ──────────────────────────────────────────────────────────────
    test-results\nfc-chip-registration-NFC--1e597--deletion-with-confirmation-chromium\video.webm
    ────────────────────────────────────────────────────────────────────────────────────────────────

  92) [chromium] › tests\e2e\registration-auto-login.spec.ts:15:7 › Registration Auto-Login Flow › should redirect to dashboard after successful registration 

    Error: page.goto: net::ERR_CONNECTION_REFUSED at http://localhost:3000/
    Call log:
    [2m  - navigating to "http://localhost:3000/", waiting until "load"[22m


      15 |   test('should redirect to dashboard after successful registration', async ({ page }) => {
      16 |     // Navigate to homepage
    > 17 |     await page.goto('http://localhost:3000');
         |                ^
      18 |
      19 |     // Click registration link
      20 |     await page.click('a:has-text("Sign Up"), button:has-text("Sign Up")');
        at C:\Users\benja\projects\medio\tests\e2e\registration-auto-login.spec.ts:17:16

    attachment #1: screenshot (image/png) ──────────────────────────────────────────────────────────
    test-results\registration-auto-login-Re-1b94a-ter-successful-registration-chromium\test-failed-1.png
    ────────────────────────────────────────────────────────────────────────────────────────────────

    attachment #2: video (video/webm) ──────────────────────────────────────────────────────────────
    test-results\registration-auto-login-Re-1b94a-ter-successful-registration-chromium\video.webm
    ────────────────────────────────────────────────────────────────────────────────────────────────

  93) [chromium] › tests\e2e\registration-auto-login.spec.ts:40:7 › Registration Auto-Login Flow › should maintain authentication after page refresh following registration 

    Error: page.goto: net::ERR_CONNECTION_REFUSED at http://localhost:3000/
    Call log:
    [2m  - navigating to "http://localhost:3000/", waiting until "load"[22m


      40 |   test('should maintain authentication after page refresh following registration', async ({ page }) => {
      41 |     // Navigate and register
    > 42 |     await page.goto('http://localhost:3000');
         |                ^
      43 |     await page.click('a:has-text("Sign Up"), button:has-text("Sign Up")');
      44 |     await expect(page).toHaveURL(/\/register$/);
      45 |
        at C:\Users\benja\projects\medio\tests\e2e\registration-auto-login.spec.ts:42:16

    attachment #1: screenshot (image/png) ──────────────────────────────────────────────────────────
    test-results\registration-auto-login-Re-f87f8-resh-following-registration-chromium\test-failed-1.png
    ────────────────────────────────────────────────────────────────────────────────────────────────

    attachment #2: video (video/webm) ──────────────────────────────────────────────────────────────
    test-results\registration-auto-login-Re-f87f8-resh-following-registration-chromium\video.webm
    ────────────────────────────────────────────────────────────────────────────────────────────────

  94) [chromium] › tests\e2e\registration-auto-login.spec.ts:97:7 › Registration Auto-Login Flow › should clear localStorage on 401 from /auth/me 

    Error: page.goto: net::ERR_CONNECTION_REFUSED at http://localhost:3000/
    Call log:
    [2m  - navigating to "http://localhost:3000/", waiting until "load"[22m


       97 |   test('should clear localStorage on 401 from /auth/me', async ({ page, context }) => {
       98 |     // Set up invalid auth state in localStorage
    >  99 |     await page.goto('http://localhost:3000');
          |                ^
      100 |     await page.evaluate(() => {
      101 |       localStorage.setItem('user', JSON.stringify({ id: 'fake', email: 'fake@example.com', name: 'Fake' }));
      102 |     });
        at C:\Users\benja\projects\medio\tests\e2e\registration-auto-login.spec.ts:99:16

    attachment #1: screenshot (image/png) ──────────────────────────────────────────────────────────
    test-results\registration-auto-login-Re-cf4cc-Storage-on-401-from-auth-me-chromium\test-failed-1.png
    ────────────────────────────────────────────────────────────────────────────────────────────────

    attachment #2: video (video/webm) ──────────────────────────────────────────────────────────────
    test-results\registration-auto-login-Re-cf4cc-Storage-on-401-from-auth-me-chromium\video.webm
    ────────────────────────────────────────────────────────────────────────────────────────────────

  95) [chromium] › tests\e2e\registration-auto-login.spec.ts:119:7 › Auth State Verification on App Init › should verify auth status on app initialization 

    Error: page.goto: net::ERR_CONNECTION_REFUSED at http://localhost:3000/
    Call log:
    [2m  - navigating to "http://localhost:3000/", waiting until "load"[22m


      124 |     ).catch(() => null); // Don't fail if request doesn't happen
      125 |
    > 126 |     await page.goto('http://localhost:3000');
          |                ^
      127 |
      128 |     const response = await authCheckPromise;
      129 |
        at C:\Users\benja\projects\medio\tests\e2e\registration-auto-login.spec.ts:126:16

    attachment #1: screenshot (image/png) ──────────────────────────────────────────────────────────
    test-results\registration-auto-login-Au-d99ab-tatus-on-app-initialization-chromium\test-failed-1.png
    ────────────────────────────────────────────────────────────────────────────────────────────────

    attachment #2: video (video/webm) ──────────────────────────────────────────────────────────────
    test-results\registration-auto-login-Au-d99ab-tatus-on-app-initialization-chromium\video.webm
    ────────────────────────────────────────────────────────────────────────────────────────────────

  96) [chromium] › tests\e2e\registration-auto-login.spec.ts:136:7 › Auth State Verification on App Init › should redirect to login if /auth/me returns 401 

    Error: page.goto: net::ERR_CONNECTION_REFUSED at http://localhost:3000/
    Call log:
    [2m  - navigating to "http://localhost:3000/", waiting until "load"[22m


      136 |   test('should redirect to login if /auth/me returns 401', async ({ page }) => {
      137 |     // Create a page with invalid token
    > 138 |     await page.goto('http://localhost:3000');
          |                ^
      139 |
      140 |     // Set invalid auth state
      141 |     await page.evaluate(() => {
        at C:\Users\benja\projects\medio\tests\e2e\registration-auto-login.spec.ts:138:16

    attachment #1: screenshot (image/png) ──────────────────────────────────────────────────────────
    test-results\registration-auto-login-Au-cf60f-ogin-if-auth-me-returns-401-chromium\test-failed-1.png
    ────────────────────────────────────────────────────────────────────────────────────────────────

    attachment #2: video (video/webm) ──────────────────────────────────────────────────────────────
    test-results\registration-auto-login-Au-cf60f-ogin-if-auth-me-returns-401-chromium\video.webm
    ────────────────────────────────────────────────────────────────────────────────────────────────

  97) [chromium] › tests\e2e\test-deployment-cache-headers.spec.js:18:3 › Deployment Cache Headers › T005-1: index.html should have no-cache headers 

    Error: [2mexpect([22m[31mreceived[39m[2m).[22mtoContain[2m([22m[32mexpected[39m[2m) // indexOf[22m

    Expected substring: [32m"no-cache"[39m
    Received string:    [31m"public, max-age=0, must-revalidate"[39m

      25 |     const cacheControl = response.headers()['cache-control'];
      26 |     expect(cacheControl).toBeDefined();
    > 27 |     expect(cacheControl.toLowerCase()).toContain('no-cache');
         |                                        ^
      28 |     expect(cacheControl.toLowerCase()).toContain('no-store');
      29 |     expect(cacheControl.toLowerCase()).toContain('must-revalidate');
      30 |   });
        at C:\Users\benja\projects\medio\tests\e2e\test-deployment-cache-headers.spec.js:27:40

  98) [chromium] › tests\e2e\test-deployment-cache-headers.spec.js:32:3 › Deployment Cache Headers › T005-2: Static JS chunks should have immutable cache headers 

    Error: [2mexpect([22m[31mreceived[39m[2m).[22mtoBeGreaterThan[2m([22m[32mexpected[39m[2m)[22m

    Expected: > [32m0[39m
    Received:   [31m0[39m

      45 |     });
      46 |
    > 47 |     expect(scriptSrcs.length).toBeGreaterThan(0);
         |                               ^
      48 |
      49 |     // Act: Fetch the chunk file directly
      50 |     const chunkUrl = scriptSrcs[0].startsWith('http')
        at C:\Users\benja\projects\medio\tests\e2e\test-deployment-cache-headers.spec.js:47:31

    attachment #1: screenshot (image/png) ──────────────────────────────────────────────────────────
    test-results\test-deployment-cache-head-f3092-ave-immutable-cache-headers-chromium\test-failed-1.png
    ────────────────────────────────────────────────────────────────────────────────────────────────

    attachment #2: video (video/webm) ──────────────────────────────────────────────────────────────
    test-results\test-deployment-cache-head-f3092-ave-immutable-cache-headers-chromium\video.webm
    ────────────────────────────────────────────────────────────────────────────────────────────────

    Error Context: test-results\test-deployment-cache-head-f3092-ave-immutable-cache-headers-chromium\error-context.md

  99) [chromium] › tests\e2e\test-deployment-cache-headers.spec.js:65:3 › Deployment Cache Headers › T005-3: Fresh browser session should load new code after deployment 

    Error: [2mexpect([22m[31mreceived[39m[2m).[22mtoBeGreaterThan[2m([22m[32mexpected[39m[2m)[22m

    Expected: > [32m0[39m
    Received:   [31m0[39m

      83 |     });
      84 |
    > 85 |     expect(firstVisitChunks.length).toBeGreaterThan(0);
         |                                     ^
      86 |
      87 |     // Verify index.html is fetched fresh (not from cache)
      88 |     // by checking it returns no-cache headers
        at C:\Users\benja\projects\medio\tests\e2e\test-deployment-cache-headers.spec.js:85:37

    attachment #1: screenshot (image/png) ──────────────────────────────────────────────────────────
    test-results\test-deployment-cache-head-d36a6-d-new-code-after-deployment-chromium\test-failed-1.png
    ────────────────────────────────────────────────────────────────────────────────────────────────

    attachment #2: video (video/webm) ──────────────────────────────────────────────────────────────
    test-results\test-deployment-cache-head-d36a6-d-new-code-after-deployment-chromium\video.webm
    ────────────────────────────────────────────────────────────────────────────────────────────────

    Error Context: test-results\test-deployment-cache-head-d36a6-d-new-code-after-deployment-chromium\error-context.md

  100) [chromium] › tests\e2e\test-deployment-cache-headers.spec.js:101:3 › Deployment Cache Headers › T005-4: Verify security headers are preserved on index.html 

    Error: [2mexpect([22m[31mreceived[39m[2m).[22mtoBeDefined[2m()[22m

    Received: [31mundefined[39m

      106 |     const headers = response.headers();
      107 |
    > 108 |     expect(headers['x-frame-options']).toBeDefined();
          |                                        ^
      109 |     expect(headers['x-content-type-options']).toBe('nosniff');
      110 |     expect(headers['x-xss-protection']).toBeDefined();
      111 |     expect(headers['referrer-policy']).toBeDefined();
        at C:\Users\benja\projects\medio\tests\e2e\test-deployment-cache-headers.spec.js:108:40

  100 failed
    [chromium] › tests\e2e\add-video-link.spec.ts:36:7 › Add YouTube Video by Link › should successfully add a YouTube video by pasting URL 
    [chromium] › tests\e2e\add-video-link.spec.ts:90:7 › Add YouTube Video by Link › should detect platform automatically from URL 
    [chromium] › tests\e2e\add-video-link.spec.ts:102:7 › Add YouTube Video by Link › should show error for invalid YouTube URL 
    [chromium] › tests\e2e\add-video-link.spec.ts:114:7 › Add YouTube Video by Link › should show error for non-existent YouTube video 
    [chromium] › tests\e2e\add-video-link.spec.ts:129:7 › Add YouTube Video by Link › should show error for private YouTube video 
    [chromium] › tests\e2e\add-video-link.spec.ts:144:7 › Add YouTube Video by Link › should prevent duplicate video from being added 
    [chromium] › tests\e2e\add-video-link.spec.ts:165:7 › Add YouTube Video by Link › should allow user to manually edit auto-filled metadata 
    [chromium] › tests\e2e\add-video-link.spec.ts:190:7 › Add YouTube Video by Link › should require age rating selection before submitting 
    [chromium] › tests\e2e\add-video-link.spec.ts:206:7 › Add YouTube Video by Link › should show loading state while fetching metadata 
    [chromium] › tests\e2e\add-video-link.spec.ts:224:7 › Add YouTube Video by Link › should cancel and close modal without adding video 
    [chromium] › tests\e2e\add-video-link.spec.ts:243:7 › Add YouTube Video by Link › should handle different YouTube URL formats 
    [chromium] › tests\e2e\add-video-link.spec.ts:268:7 › Add YouTube Video by Link › should display video duration in human-readable format 
    [chromium] › tests\e2e\add-video-link.spec.ts:281:7 › Add YouTube Video by Link › should show all age rating options 
    [chromium] › tests\e2e\add-video-link.spec.ts:321:7 › Add Vimeo Video by Link › should successfully add a Vimeo video by pasting URL 
    [chromium] › tests\e2e\add-video-link.spec.ts:361:7 › Add Vimeo Video by Link › should detect Vimeo platform from vimeo.com URL 
    [chromium] › tests\e2e\add-video-link.spec.ts:373:7 › Add Vimeo Video by Link › should detect Vimeo platform from player.vimeo.com URL 
    [chromium] › tests\e2e\add-video-link.spec.ts:385:7 › Add Vimeo Video by Link › should show error for non-existent Vimeo video 
    [chromium] › tests\e2e\add-video-link.spec.ts:400:7 › Add Vimeo Video by Link › should show error for private Vimeo video 
    [chromium] › tests\e2e\add-video-link.spec.ts:415:7 › Add Vimeo Video by Link › should allow editing auto-filled metadata for Vimeo videos 
    [chromium] › tests\e2e\add-video-link.spec.ts:440:7 › Add Vimeo Video by Link › should show loading state while fetching Vimeo metadata 
    [chromium] › tests\e2e\add-video-link.spec.ts:458:7 › Add Vimeo Video by Link › should handle different Vimeo URL formats 
    [chromium] › tests\e2e\add-video-link.spec.ts:504:7 › Add Dailymotion Video by Link › should successfully add a Dailymotion video by pasting URL 
    [chromium] › tests\e2e\add-video-link.spec.ts:544:7 › Add Dailymotion Video by Link › should detect Dailymotion platform from dailymotion.com URL 
    [chromium] › tests\e2e\add-video-link.spec.ts:556:7 › Add Dailymotion Video by Link › should detect Dailymotion platform from dai.ly short URL 
    [chromium] › tests\e2e\add-video-link.spec.ts:568:7 › Add Dailymotion Video by Link › should show error for non-existent Dailymotion video 
    [chromium] › tests\e2e\add-video-link.spec.ts:583:7 › Add Dailymotion Video by Link › should show error for private Dailymotion video 
    [chromium] › tests\e2e\add-video-link.spec.ts:598:7 › Add Dailymotion Video by Link › should allow editing auto-filled metadata for Dailymotion videos 
    [chromium] › tests\e2e\add-video-link.spec.ts:623:7 › Add Dailymotion Video by Link › should show loading state while fetching Dailymotion metadata 
    [chromium] › tests\e2e\add-video-link.spec.ts:641:7 › Add Dailymotion Video by Link › should handle different Dailymotion URL formats 
    [chromium] › tests\e2e\add-video-link.spec.ts:664:7 › Add Dailymotion Video by Link › should prevent duplicate Dailymotion video from being added 
    [chromium] › tests\e2e\add-video-link.spec.ts:708:9 › Phase 5: Error Handling - Invalid URL, Duplicate, and Timeout › Invalid URL Error Messages (T058) › should show clear error for completely invalid URL 
    [chromium] › tests\e2e\add-video-link.spec.ts:726:9 › Phase 5: Error Handling - Invalid URL, Duplicate, and Timeout › Invalid URL Error Messages (T058) › should show error for unsupported platform URL 
    [chromium] › tests\e2e\add-video-link.spec.ts:740:9 › Phase 5: Error Handling - Invalid URL, Duplicate, and Timeout › Invalid URL Error Messages (T058) › should show error for malformed YouTube URL 
    [chromium] › tests\e2e\add-video-link.spec.ts:753:9 › Phase 5: Error Handling - Invalid URL, Duplicate, and Timeout › Invalid URL Error Messages (T058) › should show actionable error message for invalid URL 
    [chromium] › tests\e2e\add-video-link.spec.ts:767:9 › Phase 5: Error Handling - Invalid URL, Duplicate, and Timeout › Invalid URL Error Messages (T058) › should clear error when valid URL is entered 
    [chromium] › tests\e2e\add-video-link.spec.ts:791:9 › Phase 5: Error Handling - Invalid URL, Duplicate, and Timeout › Invalid URL Error Messages (T058) › should prevent submission with invalid URL 
    [chromium] › tests\e2e\add-video-link.spec.ts:812:9 › Phase 5: Error Handling - Invalid URL, Duplicate, and Timeout › Duplicate Video Warning (T059) › should show warning modal when attempting to add duplicate video 
    [chromium] › tests\e2e\add-video-link.spec.ts:834:9 › Phase 5: Error Handling - Invalid URL, Duplicate, and Timeout › Duplicate Video Warning (T059) › should provide link to existing video in library when duplicate detected 
    [chromium] › tests\e2e\add-video-link.spec.ts:856:9 › Phase 5: Error Handling - Invalid URL, Duplicate, and Timeout › Duplicate Video Warning (T059) › should detect duplicate even with different URL format 
    [chromium] › tests\e2e\add-video-link.spec.ts:878:9 › Phase 5: Error Handling - Invalid URL, Duplicate, and Timeout › Duplicate Video Warning (T059) › should allow user to cancel after duplicate warning 
    [chromium] › tests\e2e\add-video-link.spec.ts:908:9 › Phase 5: Error Handling - Invalid URL, Duplicate, and Timeout › Manual Entry Fallback (T075-T076) › T075: should allow manual entry after metadata API failure 
    [chromium] › tests\e2e\add-video-link.spec.ts:946:9 › Phase 5: Error Handling - Invalid URL, Duplicate, and Timeout › Manual Entry Fallback (T075-T076) › T075: should keep manually entered data after API failure 
    [chromium] › tests\e2e\add-video-link.spec.ts:982:9 › Phase 5: Error Handling - Invalid URL, Duplicate, and Timeout › Manual Entry Fallback (T075-T076) › T076: should allow manual entry for unsupported platform 
    [chromium] › tests\e2e\add-video-link.spec.ts:1023:9 › Phase 5: Error Handling - Invalid URL, Duplicate, and Timeout › Manual Entry Fallback (T075-T076) › T076: should show manual entry mode for Instagram URL 
    [chromium] › tests\e2e\add-video-link.spec.ts:1042:9 › Phase 5: Error Handling - Invalid URL, Duplicate, and Timeout › Manual Entry Fallback (T075-T076) › T075-T076: should require only minimal fields for manual entry submission 
    [chromium] › tests\e2e\add-video-link.spec.ts:1069:9 › Phase 5: Error Handling - Invalid URL, Duplicate, and Timeout › Manual Entry Fallback (T075-T076) › T075: should clear manual entry mode when URL is changed to valid one 
    [chromium] › tests\e2e\add-video-link.spec.ts:1095:9 › Phase 5: Error Handling - Invalid URL, Duplicate, and Timeout › Manual Entry Fallback (T075-T076) › T075: should show validation error for manual entry without title 
    [chromium] › tests\e2e\add-video-link.spec.ts:1117:9 › Phase 5: Error Handling - Invalid URL, Duplicate, and Timeout › Manual Entry Fallback (T075-T076) › T075: should show validation error for manual entry without age rating 
    [chromium] › tests\e2e\add-video-link.spec.ts:1142:9 › Phase 5: Error Handling - Invalid URL, Duplicate, and Timeout › Timeout Error Handling (T060) › should show timeout error when metadata fetch takes too long 
    [chromium] › tests\e2e\add-video-link.spec.ts:1158:9 › Phase 5: Error Handling - Invalid URL, Duplicate, and Timeout › Timeout Error Handling (T060) › should provide retry option after timeout 
    [chromium] › tests\e2e\add-video-link.spec.ts:1176:9 › Phase 5: Error Handling - Invalid URL, Duplicate, and Timeout › Timeout Error Handling (T060) › should show loading indicator before timeout 
    [chromium] › tests\e2e\add-video-link.spec.ts:1192:9 › Phase 5: Error Handling - Invalid URL, Duplicate, and Timeout › Timeout Error Handling (T060) › should provide actionable guidance in timeout error 
    [chromium] › tests\e2e\add-video-link.spec.ts:1206:9 › Phase 5: Error Handling - Invalid URL, Duplicate, and Timeout › Timeout Error Handling (T060) › should allow user to cancel during long loading 
    [chromium] › tests\e2e\auth-registration-proxy.spec.ts:38:7 › Same-Origin Authentication via Proxy › T013: should redirect to dashboard after successful registration 
    [chromium] › tests\e2e\auth-registration-proxy.spec.ts:57:7 › Same-Origin Authentication via Proxy › T014: should load Videos page without 401 errors after registration 
    [chromium] › tests\e2e\auth-registration-proxy.spec.ts:87:7 › Same-Origin Authentication via Proxy › T015: should maintain auth after page refresh on dashboard 
    [chromium] › tests\e2e\auth-registration-proxy.spec.ts:114:7 › Same-Origin Authentication via Proxy › T016: should make authenticated API call immediately after login 
    [chromium] › tests\e2e\auth-registration-proxy.spec.ts:148:7 › Same-Origin Authentication via Proxy › T017: should verify cookies are sent with proxy requests 
    [chromium] › tests\e2e\auth-registration-proxy.spec.ts:192:7 › Same-Origin Authentication via Proxy › T018: Comprehensive proxy flow - registration to navigation 
    [chromium] › tests\e2e\complete-workflow.spec.ts:144:9 › Complete User Workflow - Local Environment › 1. Complete User Registration Flow › should register new user with valid credentials and auto-login 
    [chromium] › tests\e2e\complete-workflow.spec.ts:186:9 › Complete User Workflow - Local Environment › 1. Complete User Registration Flow › should maintain authentication after page refresh 
    [chromium] › tests\e2e\complete-workflow.spec.ts:222:9 › Complete User Workflow - Local Environment › 2. Complete Login Flow › should login with existing test user and redirect to dashboard 
    [chromium] › tests\e2e\complete-workflow.spec.ts:260:9 › Complete User Workflow - Local Environment › 2. Complete Login Flow › should show error for invalid credentials 
    [chromium] › tests\e2e\complete-workflow.spec.ts:299:9 › Complete User Workflow - Local Environment › 3. Complete Add YouTube Video Flow › should add YouTube video with auto-filled metadata 
    [chromium] › tests\e2e\complete-workflow.spec.ts:363:9 › Complete User Workflow - Local Environment › 3. Complete Add YouTube Video Flow › should show loading state while fetching metadata 
    [chromium] › tests\e2e\complete-workflow.spec.ts:382:9 › Complete User Workflow - Local Environment › 4. Token Refresh Flow › should verify token refresh mechanism is configured 
    [chromium] › tests\e2e\complete-workflow.spec.ts:428:9 › Complete User Workflow - Local Environment › 5. Error Handling Scenarios › should show error for invalid video URL 
    [chromium] › tests\e2e\complete-workflow.spec.ts:450:9 › Complete User Workflow - Local Environment › 5. Error Handling Scenarios › should enable manual entry fallback when API fails 
    [chromium] › tests\e2e\critical-flows.spec.ts:10:9 › Critical User Flows › Parent Registration and Setup Flow › should complete full parent onboarding 
    [chromium] › tests\e2e\critical-flows.spec.ts:51:9 › Critical User Flows › Kids Mode Activation Flow › should activate kids mode with NFC chip 
    [chromium] › tests\e2e\critical-flows.spec.ts:73:9 › Critical User Flows › Kids Mode Activation Flow › should enforce time limits in kids mode 
    [chromium] › tests\e2e\critical-flows.spec.ts:105:9 › Critical User Flows › Video Management Flow › should upload and organize videos 
    [chromium] › tests\e2e\critical-flows.spec.ts:146:9 › Critical User Flows › Session Tracking Flow › should track watch sessions accurately 
    [chromium] › tests\e2e\critical-flows.spec.ts:175:9 › Critical User Flows › Profile Switching Flow › should switch between multiple child profiles 
    [chromium] › tests\e2e\critical-flows.spec.ts:208:9 › Critical User Flows › Security and Privacy Flow › should enforce authentication on protected routes 
    [chromium] › tests\e2e\critical-flows.spec.ts:217:9 › Critical User Flows › Security and Privacy Flow › should handle session expiry gracefully 
    [chromium] › tests\e2e\critical-flows.spec.ts:237:9 › Critical User Flows › Security and Privacy Flow › should validate input and prevent XSS 
    [chromium] › tests\e2e\critical-flows.spec.ts:261:9 › Critical User Flows › Error Recovery Flow › should handle network errors gracefully 
    [chromium] › tests\e2e\critical-flows.spec.ts:287:9 › Critical User Flows › Error Recovery Flow › should handle database errors gracefully 
    [chromium] › tests\e2e\medio.spec.ts:30:7 › Medio Video Platform › should navigate to register page 
    [chromium] › tests\e2e\medio.spec.ts:58:7 › Medio Video Platform › should handle authentication flow 
    [chromium] › tests\e2e\medio.spec.ts:123:7 › Medio Video Platform › should check API health endpoint 
    [chromium] › tests\e2e\medio.spec.ts:135:7 › Medio Video Platform › should validate cookie security headers 
    [chromium] › tests\e2e\nfc-chip-registration.spec.js:134:3 › NFC Chip Registration E2E Tests › T068: Complete manual registration workflow 
    [chromium] › tests\e2e\nfc-chip-registration.spec.js:178:3 › NFC Chip Registration E2E Tests › T069: Duplicate chip registration blocked 
    [chromium] › tests\e2e\nfc-chip-registration.spec.js:220:3 › NFC Chip Registration E2E Tests › T070: Cross-user duplicate registration 
    [chromium] › tests\e2e\nfc-chip-registration.spec.js:274:3 › NFC Chip Registration E2E Tests › T071: Invalid chip_uid format rejected 
    [chromium] › tests\e2e\nfc-chip-registration.spec.js:325:3 › NFC Chip Registration E2E Tests › T072: Invalid label rejected 
    [chromium] › tests\e2e\nfc-chip-registration.spec.js:380:3 › NFC Chip Registration E2E Tests › T073: Maximum chip limit enforcement 
    [chromium] › tests\e2e\nfc-chip-registration.spec.js:446:3 › NFC Chip Registration E2E Tests › T074: NFC scan workflow with mocked NDEFReader 
    [chromium] › tests\e2e\nfc-chip-registration.spec.js:540:3 › NFC Chip Registration E2E Tests › T075: Chip deletion with confirmation 
    [chromium] › tests\e2e\registration-auto-login.spec.ts:15:7 › Registration Auto-Login Flow › should redirect to dashboard after successful registration 
    [chromium] › tests\e2e\registration-auto-login.spec.ts:40:7 › Registration Auto-Login Flow › should maintain authentication after page refresh following registration 
    [chromium] › tests\e2e\registration-auto-login.spec.ts:97:7 › Registration Auto-Login Flow › should clear localStorage on 401 from /auth/me 
    [chromium] › tests\e2e\registration-auto-login.spec.ts:119:7 › Auth State Verification on App Init › should verify auth status on app initialization 
    [chromium] › tests\e2e\registration-auto-login.spec.ts:136:7 › Auth State Verification on App Init › should redirect to login if /auth/me returns 401 
    [chromium] › tests\e2e\test-deployment-cache-headers.spec.js:18:3 › Deployment Cache Headers › T005-1: index.html should have no-cache headers 
    [chromium] › tests\e2e\test-deployment-cache-headers.spec.js:32:3 › Deployment Cache Headers › T005-2: Static JS chunks should have immutable cache headers 
    [chromium] › tests\e2e\test-deployment-cache-headers.spec.js:65:3 › Deployment Cache Headers › T005-3: Fresh browser session should load new code after deployment 
    [chromium] › tests\e2e\test-deployment-cache-headers.spec.js:101:3 › Deployment Cache Headers › T005-4: Verify security headers are preserved on index.html 
  1 skipped
  10 passed (9.7m)
